Component: ARM Compiler 5.06 update 5 (build 528) Tool: armlink [4d35e2]

==============================================================================

Section Cross References

    startup_stm32g431xx.o(RESET) refers to startup_stm32g431xx.o(STACK) for __initial_sp
    startup_stm32g431xx.o(RESET) refers to startup_stm32g431xx.o(.text) for Reset_Handler
    startup_stm32g431xx.o(RESET) refers to stm32g4xx_it.o(i.NMI_Handler) for NMI_Handler
    startup_stm32g431xx.o(RESET) refers to stm32g4xx_it.o(i.HardFault_Handler) for HardFault_Handler
    startup_stm32g431xx.o(RESET) refers to stm32g4xx_it.o(i.MemManage_Handler) for MemManage_Handler
    startup_stm32g431xx.o(RESET) refers to stm32g4xx_it.o(i.BusFault_Handler) for BusFault_Handler
    startup_stm32g431xx.o(RESET) refers to stm32g4xx_it.o(i.UsageFault_Handler) for UsageFault_Handler
    startup_stm32g431xx.o(RESET) refers to stm32g4xx_it.o(i.SVC_Handler) for SVC_Handler
    startup_stm32g431xx.o(RESET) refers to stm32g4xx_it.o(i.DebugMon_Handler) for DebugMon_Handler
    startup_stm32g431xx.o(RESET) refers to stm32g4xx_it.o(i.PendSV_Handler) for PendSV_Handler
    startup_stm32g431xx.o(RESET) refers to stm32g4xx_it.o(i.SysTick_Handler) for SysTick_Handler
    startup_stm32g431xx.o(RESET) refers to my_rtc.o(i.RTC_WKUP_IRQHandler) for RTC_WKUP_IRQHandler
    startup_stm32g431xx.o(RESET) refers to stm32g4xx_it.o(i.TIM2_IRQHandler) for TIM2_IRQHandler
    startup_stm32g431xx.o(RESET) refers to stm32g4xx_it.o(i.USART3_IRQHandler) for USART3_IRQHandler
    startup_stm32g431xx.o(RESET) refers to stm32g4xx_it.o(i.RTC_Alarm_IRQHandler) for RTC_Alarm_IRQHandler
    startup_stm32g431xx.o(.text) refers to system_stm32g4xx.o(i.SystemInit) for SystemInit
    startup_stm32g431xx.o(.text) refers to entry.o(.ARM.Collect$$$$00000000) for __main
    main.o(i.Motion_ApplyCommand) refers to stm32g4xx_hal.o(i.HAL_GetTick) for HAL_GetTick
    main.o(i.Motion_ApplyCommand) refers to main.o(i.Motion_ApplyServoImuPidTest) for Motion_ApplyServoImuPidTest
    main.o(i.Motion_ApplyCommand) refers to motor.o(i.Motor_BrakeAll) for Motor_BrakeAll
    main.o(i.Motion_ApplyCommand) refers to motor.o(i.Motor_SetLeftDutyPercent) for Motor_SetLeftDutyPercent
    main.o(i.Motion_ApplyCommand) refers to motor.o(i.Motor_SetRightDutyPercent) for Motor_SetRightDutyPercent
    main.o(i.Motion_ApplyCommand) refers to main.o(i.Motion_ComputeSignedDutyPercent) for Motion_ComputeSignedDutyPercent
    main.o(i.Motion_ApplyCommand) refers to main.o(i.Motion_GetCorrectedYawRad) for Motion_GetCorrectedYawRad
    main.o(i.Motion_ApplyCommand) refers to main.o(i.Motion_WrapAngleRad) for Motion_WrapAngleRad
    main.o(i.Motion_ApplyCommand) refers to main.o(i.Motion_ClampFloat) for Motion_ClampFloat
    main.o(i.Motion_ApplyCommand) refers to servo.o(i.Servo_SetAngleDeg) for Servo_SetAngleDeg
    main.o(i.Motion_ApplyCommand) refers to main.o(.data) for .data
    main.o(i.Motion_ApplyServoImuPidTest) refers to main.o(i.Motion_GetCorrectedYawRad) for Motion_GetCorrectedYawRad
    main.o(i.Motion_ApplyServoImuPidTest) refers to main.o(i.Motion_WrapAngleRad) for Motion_WrapAngleRad
    main.o(i.Motion_ApplyServoImuPidTest) refers to motor.o(i.Motor_SetLeftDutyPercent) for Motor_SetLeftDutyPercent
    main.o(i.Motion_ApplyServoImuPidTest) refers to motor.o(i.Motor_SetRightDutyPercent) for Motor_SetRightDutyPercent
    main.o(i.Motion_ApplyServoImuPidTest) refers to servo.o(i.Servo_SetAngleDeg) for Servo_SetAngleDeg
    main.o(i.Motion_ApplyServoImuPidTest) refers to main.o(.data) for .data
    main.o(i.Motion_ClearBrakeState) refers to motor.o(i.Motor_ReleaseAll) for Motor_ReleaseAll
    main.o(i.Motion_ClearBrakeState) refers to main.o(.data) for .data
    main.o(i.Motion_ClearTurn90Target) refers to main.o(.data) for .data
    main.o(i.Motion_Command_Reset) refers to motor.o(i.Motor_SetLeftDutyPercent) for Motor_SetLeftDutyPercent
    main.o(i.Motion_Command_Reset) refers to motor.o(i.Motor_SetRightDutyPercent) for Motor_SetRightDutyPercent
    main.o(i.Motion_Command_Reset) refers to servo.o(i.Servo_SetAngleDeg) for Servo_SetAngleDeg
    main.o(i.Motion_Command_Reset) refers to main.o(.data) for .data
    main.o(i.Motion_GetCorrectedYawRad) refers to main.o(i.Motion_WrapAngleRad) for Motion_WrapAngleRad
    main.o(i.Motion_GetCorrectedYawRad) refers to main.o(.bss) for .bss
    main.o(i.Motion_GetCorrectedYawRad) refers to main.o(.data) for .data
    main.o(i.Motion_ProcessLine) refers to _scanf_int.o(.text) for _scanf_int
    main.o(i.Motion_ProcessLine) refers to strncmp.o(.text) for strncmp
    main.o(i.Motion_ProcessLine) refers to strcmp.o(.text) for strcmp
    main.o(i.Motion_ProcessLine) refers to __0sscanf.o(.text) for __0sscanf
    main.o(i.Motion_ProcessLine) refers to my_rtc.o(i.MyRTC_SetTime) for MyRTC_SetTime
    main.o(i.Motion_ProcessLine) refers to my_rtc.o(i.MyRTC_SetAlarmA) for MyRTC_SetAlarmA
[...]
    i.INA219_SDA_Read                        0x08007904   Section        0  ina219_sensor.o(i.INA219_SDA_Read)
    INA219_SDA_Read                          0x08007905   Thumb Code    18  ina219_sensor.o(i.INA219_SDA_Read)
    i.INA219_SDA_Write                       0x0800791c   Section        0  ina219_sensor.o(i.INA219_SDA_Write)
    INA219_SDA_Write                         0x0800791d   Thumb Code    26  ina219_sensor.o(i.INA219_SDA_Write)
    i.INA219_Sensor_Init                     0x0800793c   Section        0  ina219_sensor.o(i.INA219_Sensor_Init)
    i.INA219_Sensor_ReadBusVoltage_V         0x080079ac   Section        0  ina219_sensor.o(i.INA219_Sensor_ReadBusVoltage_V)
    i.INA219_Sensor_ReadCurrent_A            0x080079e0   Section        0  ina219_sensor.o(i.INA219_Sensor_ReadCurrent_A)
    i.INA219_WriteRegister                   0x08007a20   Section        0  ina219_sensor.o(i.INA219_WriteRegister)
    INA219_WriteRegister                     0x08007a21   Thumb Code    70  ina219_sensor.o(i.INA219_WriteRegister)
    i.JumpToBootloader                       0x08007a6c   Section        0  main.o(i.JumpToBootloader)
    JumpToBootloader                         0x08007a6d   Thumb Code   130  main.o(i.JumpToBootloader)
    i.MemManage_Handler                      0x08007afc   Section        0  stm32g4xx_it.o(i.MemManage_Handler)
    i.Motion_ApplyCommand                    0x08007b00   Section        0  main.o(i.Motion_ApplyCommand)
    Motion_ApplyCommand                      0x08007b01   Thumb Code   666  main.o(i.Motion_ApplyCommand)
    i.Motion_ApplyServoImuPidTest            0x08007de8   Section        0  main.o(i.Motion_ApplyServoImuPidTest)
    Motion_ApplyServoImuPidTest              0x08007de9   Thumb Code   118  main.o(i.Motion_ApplyServoImuPidTest)
    i.Motion_ClampFloat                      0x08007e80   Section        0  main.o(i.Motion_ClampFloat)
    Motion_ClampFloat                        0x08007e81   Thumb Code    32  main.o(i.Motion_ClampFloat)
    i.Motion_ClearBrakeState                 0x08007ea0   Section        0  main.o(i.Motion_ClearBrakeState)
    Motion_ClearBrakeState                   0x08007ea1   Thumb Code    20  main.o(i.Motion_ClearBrakeState)
    i.Motion_ClearTurn90Target               0x08007eb8   Section        0  main.o(i.Motion_ClearTurn90Target)
    Motion_ClearTurn90Target                 0x08007eb9   Thumb Code    22  main.o(i.Motion_ClearTurn90Target)
    i.Motion_Command_Reset                   0x08007ed8   Section        0  main.o(i.Motion_Command_Reset)
    Motion_Command_Reset                     0x08007ed9   Thumb Code   134  main.o(i.Motion_Command_Reset)
    i.Motion_ComputeSignedDutyPercent        0x08007f6c   Section        0  main.o(i.Motion_ComputeSignedDutyPercent)
    Motion_ComputeSignedDutyPercent          0x08007f6d   Thumb Code   116  main.o(i.Motion_ComputeSignedDutyPercent)
    i.Motion_GetCorrectedYawRad              0x08007ffc   Section        0  main.o(i.Motion_GetCorrectedYawRad)
    Motion_GetCorrectedYawRad                0x08007ffd   Thumb Code    32  main.o(i.Motion_GetCorrectedYawRad)
    i.Motion_ProcessLine                     0x08008028   Section        0  main.o(i.Motion_ProcessLine)
    Motion_ProcessLine                       0x08008029   Thumb Code  1356  main.o(i.Motion_ProcessLine)
    i.Motion_ResetServoImuPidTest            0x0800857c   Section        0  main.o(i.Motion_ResetServoImuPidTest)
    Motion_ResetServoImuPidTest              0x0800857d   Thumb Code    26  main.o(i.Motion_ResetServoImuPidTest)
    i.Motion_SendTelemetry                   0x080085a0   Section        0  main.o(i.Motion_SendTelemetry)
    Motion_SendTelemetry                     0x080085a1   Thumb Code   536  main.o(i.Motion_SendTelemetry)
    i.Motion_StartTurn90                     0x08008860   Section        0  main.o(i.Motion_StartTurn90)
    Motion_StartTurn90                       0x08008861   Thumb Code   100  main.o(i.Motion_StartTurn90)
    i.Motion_UpdateOdometry                  0x080088c8   Section        0  main.o(i.Motion_UpdateOdometry)
    Motion_UpdateOdometry                    0x080088c9   Thumb Code   178  main.o(i.Motion_UpdateOdometry)
    i.Motion_WrapAngleRad                    0x08008990   Section        0  main.o(i.Motion_WrapAngleRad)
    Motion_WrapAngleRad                      0x08008991   Thumb Code    40  main.o(i.Motion_WrapAngleRad)
    i.Motor1_DMA_Timer_Init                  0x080089c4   Section        0  motor.o(i.Motor1_DMA_Timer_Init)
    Motor1_DMA_Timer_Init                    0x080089c5   Thumb Code   204  motor.o(i.Motor1_DMA_Timer_Init)
    i.Motor2_Encoder_Init                    0x08008aa4   Section        0  motor.o(i.Motor2_Encoder_Init)
    Motor2_Encoder_Init                      0x08008aa5   Thumb Code   160  motor.o(i.Motor2_Encoder_Init)
    i.Motor_BrakeAll                         0x08008b54   Section        0  motor.o(i.Motor_BrakeAll)
    i.Motor_Encoder_Init                     0x08008b8c   Section        0  motor.o(i.Motor_Encoder_Init)
    Motor_Encoder_Init                       0x08008b8d   Thumb Code   162  motor.o(i.Motor_Encoder_Init)
    i.Motor_GetLeftDeltaCount                0x08008c40   Section        0  motor.o(i.Motor_GetLeftDeltaCount)
    i.Motor_GetRightDeltaCount               0x08008c5c   Section        0  motor.o(i.Motor_GetRightDeltaCount)
    i.Motor_Init                             0x08008c74   Section        0  motor.o(i.Motor_Init)
    i.Motor_PWM_Init                         0x08008d0c   Section        0  motor.o(i.Motor_PWM_Init)
    Motor_PWM_Init                           0x08008d0d   Thumb Code   148  motor.o(i.Motor_PWM_Init)
    i.Motor_ReleaseAll                       0x08008da8   Section        0  motor.o(i.Motor_ReleaseAll)
    i.Motor_SetLeftDutyPercent               0x08008dd4   Section        0  motor.o(i.Motor_SetLeftDutyPercent)
    i.Motor_SetRightDutyPercent              0x08008e60   Section        0  motor.o(i.Motor_SetRightDutyPercent)
    i.Motor_TIM2_IRQHandler                  0x08008ee0   Section        0  motor.o(i.Motor_TIM2_IRQHandler)
    i.Motor_TakeControl1msFlag               0x08008f0c   Section        0  motor.o(i.Motor_TakeControl1msFlag)
    i.MyRTC_GetTime                          0x08008f1c   Section        0  my_rtc.o(i.MyRTC_GetTime)
    i.MyRTC_Init                             0x08008f68   Section        0  my_rtc.o(i.MyRTC_Init)
    i.MyRTC_SetAlarmA                        0x08009034   Section        0  my_rtc.o(i.MyRTC_SetAlarmA)
    i.MyRTC_SetTime                          0x08009090   Section        0  my_rtc.o(i.MyRTC_SetTime)
    i.MySPI_Init                             0x080090c8   Section        0  my_spi.o(i.MySPI_Init)
    i.MySPI_Start                            0x08009148   Section        0  my_spi.o(i.MySPI_Start)
    i.MySPI_Stop                             0x0800914e   Section        0  my_spi.o(i.MySPI_Stop)
    i.MySPI_SwapByte                         0x08009154   Section        0  my_spi.o(i.MySPI_SwapByte)
    i.MySPI_W_SCK                            0x080091b4   Section        0  my_spi.o(i.MySPI_W_SCK)
    MySPI_W_SCK                              0x080091b5   Thumb Code    18  my_spi.o(i.MySPI_W_SCK)
    i.MySPI_W_SS                             0x080091cc   Section        0  my_spi.o(i.MySPI_W_SS)
    MySPI_W_SS                               0x080091cd   Thumb Code    16  my_spi.o(i.MySPI_W_SS)
    i.NMI_Handler                            0x080091e0   Section        0  stm32g4xx_it.o(i.NMI_Handler)
    i.PendSV_Handler                         0x080091e2   Section        0  stm32g4xx_it.o(i.PendSV_Handler)
    i.RTC_Alarm_IRQHandler                   0x080091e4   Section        0  stm32g4xx_it.o(i.RTC_Alarm_IRQHandler)
    i.RTC_Bcd2ToByte                         0x080091f0   Section        0  stm32g4xx_hal_rtc.o(i.RTC_Bcd2ToByte)
    i.RTC_ByteToBcd2                         0x08009202   Section        0  stm32g4xx_hal_rtc.o(i.RTC_ByteToBcd2)
    i.RTC_EnterInitMode                      0x0800921c   Section        0  stm32g4xx_hal_rtc.o(i.RTC_EnterInitMode)
    i.RTC_ExitInitMode                       0x08009266   Section        0  stm32g4xx_hal_rtc.o(i.RTC_ExitInitMode)
    i.RTC_WKUP_IRQHandler                    0x080092b8   Section        0  my_rtc.o(i.RTC_WKUP_IRQHandler)
    i.SVC_Handler                            0x080092c4   Section        0  stm32g4xx_it.o(i.SVC_Handler)
    i.Servo_Init                             0x080092c8   Section        0  servo.o(i.Servo_Init)
    i.Servo_PWM_Init                         0x08009320   Section        0  servo.o(i.Servo_PWM_Init)
    Servo_PWM_Init                           0x08009321   Thumb Code   136  servo.o(i.Servo_PWM_Init)
    i.Servo_SetAngleDeg                      0x080093b8   Section        0  servo.o(i.Servo_SetAngleDeg)
    i.Servo_Update                           0x080093f4   Section        0  servo.o(i.Servo_Update)
    i.Servo_WriteHW                          0x0800944c   Section        0  servo.o(i.Servo_WriteHW)
    Servo_WriteHW                            0x0800944d   Thumb Code    70  servo.o(i.Servo_WriteHW)
    i.SysTick_Handler                        0x080094a4   Section        0  stm32g4xx_it.o(i.SysTick_Handler)
    i.SystemInit                             0x080094a8   Section        0  system_stm32g4xx.o(i.SystemInit)
    i.TIM2_IRQHandler                        0x080094c4   Section        0  stm32g4xx_it.o(i.TIM2_IRQHandler)
    i.UART2_OLED_ClearText                   0x080094c8   Section        0  uart2_oled.o(i.UART2_OLED_ClearText)
    i.UART2_OLED_Init                        0x080094fc   Section        0  uart2_oled.o(i.UART2_OLED_Init)
    i.UART2_OLED_NewLine                     0x08009550   Section        0  uart2_oled.o(i.UART2_OLED_NewLine)
    UART2_OLED_NewLine                       0x08009551   Thumb Code    64  uart2_oled.o(i.UART2_OLED_NewLine)
    i.UART2_OLED_Printf                      0x08009598   Section        0  uart2_oled.o(i.UART2_OLED_Printf)
    i.UART2_OLED_ProcessRx                   0x080095b8   Section        0  uart2_oled.o(i.UART2_OLED_ProcessRx)
    i.UART2_OLED_PushChar                    0x080095e4   Section        0  uart2_oled.o(i.UART2_OLED_PushChar)
    UART2_OLED_PushChar                      0x080095e5   Thumb Code   148  uart2_oled.o(i.UART2_OLED_PushChar)
    i.UART2_OLED_ReadLine                    0x08009680   Section        0  uart2_oled.o(i.UART2_OLED_ReadLine)
    i.UART2_OLED_RenderDashboard             0x080096bc   Section        0  uart2_oled.o(i.UART2_OLED_RenderDashboard)
    i.UART2_OLED_SendString                  0x0800980c   Section        0  uart2_oled.o(i.UART2_OLED_SendString)
    i.USART3_IRQHandler                      0x08009830   Section        0  stm32g4xx_it.o(i.USART3_IRQHandler)
    i.USART3_IRQHandler_Callback             0x08009834   Section        0  uart2_oled.o(i.USART3_IRQHandler_Callback)
    i.USART3_Init                            0x08009888   Section        0  uart2_oled.o(i.USART3_Init)
    USART3_Init                              0x08009889   Thumb Code   132  uart2_oled.o(i.USART3_Init)
    i.UsageFault_Handler                     0x08009918   Section        0  stm32g4xx_it.o(i.UsageFault_Handler)
    i.W25Q64_Init                            0x0800991a   Section        0  w25q64.o(i.W25Q64_Init)
    i.W25Q64_PageProgram                     0x0800991e   Section        0  w25q64.o(i.W25Q64_PageProgram)
    i.W25Q64_ReadData                        0x08009968   Section        0  w25q64.o(i.W25Q64_ReadData)
    i.W25Q64_ReadID                          0x080099aa   Section        0  w25q64.o(i.W25Q64_ReadID)
    i.W25Q64_SectorErase                     0x080099e6   Section        0  w25q64.o(i.W25Q64_SectorErase)
    i.W25Q64_WaitBusy                        0x08009a1c   Section        0  w25q64.o(i.W25Q64_WaitBusy)
    i.W25Q64_WriteEnable                     0x08009a48   Section        0  w25q64.o(i.W25Q64_WriteEnable)
    i.__0vsnprintf                           0x08009a5c   Section        0  printfa.o(i.__0vsnprintf)
    i.__ARM_fpclassifyf                      0x08009a88   Section        0  fpclassifyf.o(i.__ARM_fpclassifyf)
    i.__NVIC_SetPriority                     0x08009aae   Section        0  stm32g4xx_hal_cortex.o(i.__NVIC_SetPriority)
    __NVIC_SetPriority                       0x08009aaf   Thumb Code    32  stm32g4xx_hal_cortex.o(i.__NVIC_SetPriority)
    i.__hardfp___mathlib_tofloat             0x08009ad0   Section        0  narrow.o(i.__hardfp___mathlib_tofloat)
    i.__hardfp_asinf                         0x08009bc8   Section        0  asinf.o(i.__hardfp_asinf)
    i.__hardfp_atan2f                        0x08009cf4   Section        0  atan2f.o(i.__hardfp_atan2f)
    i.__hardfp_cosf                          0x08009f44   Section        0  cosf.o(i.__hardfp_cosf)
    i.__hardfp_powf                          0x0800a094   Section        0  powf.o(i.__hardfp_powf)
    i.__hardfp_sinf                          0x0800a6f8   Section        0  sinf.o(i.__hardfp_sinf)
    i.__hardfp_strtof                        0x0800a888   Section        0  strtof.o(i.__hardfp_strtof)
    i.__mathlib_flt_divzero                  0x0800a8a8   Section        0  funder.o(i.__mathlib_flt_divzero)
    i.__mathlib_flt_infnan                   0x0800a8bc   Section        0  funder.o(i.__mathlib_flt_infnan)
    i.__mathlib_flt_infnan2                  0x0800a8c2   Section        0  funder.o(i.__mathlib_flt_infnan2)
    i.__mathlib_flt_invalid                  0x0800a8c8   Section        0  funder.o(i.__mathlib_flt_invalid)
    i.__mathlib_flt_overflow                 0x0800a8d8   Section        0  funder.o(i.__mathlib_flt_overflow)
    i.__mathlib_flt_underflow                0x0800a8e8   Section        0  funder.o(i.__mathlib_flt_underflow)
    i.__mathlib_narrow                       0x0800a8f8   Section        0  narrow.o(i.__mathlib_narrow)
    i.__mathlib_rredf2                       0x0800a90c   Section        0  rredf.o(i.__mathlib_rredf2)
    i.__scatterload_copy                     0x0800aa60   Section       14  handlers.o(i.__scatterload_copy)
    i.__scatterload_null                     0x0800aa6e   Section        2  handlers.o(i.__scatterload_null)
    i.__scatterload_zeroinit                 0x0800aa70   Section       14  handlers.o(i.__scatterload_zeroinit)
    i.__set_errno                            0x0800aa80   Section        0  errno.o(i.__set_errno)
    i._fp_digits                             0x0800aa8c   Section        0  printfa.o(i._fp_digits)
    _fp_digits                               0x0800aa8d   Thumb Code   366  printfa.o(i._fp_digits)
    i._is_digit                              0x0800ac10   Section        0  scanf_fp.o(i._is_digit)
    i._printf_core                           0x0800ac20   Section        0  printfa.o(i._printf_core)
    _printf_core                             0x0800ac21   Thumb Code  1744  printfa.o(i._printf_core)
    i._printf_post_padding                   0x0800b2fc   Section        0  printfa.o(i._printf_post_padding)
    _printf_post_padding                     0x0800b2fd   Thumb Code    36  printfa.o(i._printf_post_padding)
    i._printf_pre_padding                    0x0800b320   Section        0  printfa.o(i._printf_pre_padding)
    _printf_pre_padding                      0x0800b321   Thumb Code    46  printfa.o(i._printf_pre_padding)
    i._snputc                                0x0800b34e   Section        0  printfa.o(i._snputc)
    _snputc                                  0x0800b34f   Thumb Code    22  printfa.o(i._snputc)
    i.frexp                                  0x0800b368   Section        0  frexp.o(i.frexp)
    i.main                                   0x0800b3f4   Section        0  main.o(i.main)
    i.sqrtf                                  0x0800ba3c   Section        0  sqrtf.o(i.sqrtf)
    .constdata                               0x0800ba7c   Section       52  fusion_tracker.o(.constdata)
    .constdata                               0x0800bab0   Section       60  ina219_sensor.o(.constdata)
    battery_voltage_table                    0x0800bab0   Data          48  ina219_sensor.o(.constdata)
    battery_percent_table                    0x0800bae0   Data          12  ina219_sensor.o(.constdata)
    .constdata                               0x0800baec   Section       16  system_stm32g4xx.o(.constdata)
    .constdata                               0x0800bafc   Section        8  system_stm32g4xx.o(.constdata)
    .constdata                               0x0800bb04   Section      320  powf.o(.constdata)
    table                                    0x0800bb04   Data         128  powf.o(.constdata)
    powersof2to1over16top                    0x0800bb84   Data          64  powf.o(.constdata)
    powersof2to1over16bot                    0x0800bbc4   Data          64  powf.o(.constdata)
    powersof2to1over16all                    0x0800bc04   Data          64  powf.o(.constdata)
    .constdata                               0x0800bc44   Section       32  rredf.o(.constdata)
    twooverpi                                0x0800bc44   Data          32  rredf.o(.constdata)
    .constdata                               0x0800bc64   Section       64  ctype_c.o(.constdata)
    .conststring                             0x0800bca4   Section       90  main.o(.conststring)
    .data                                    0x20000000   Section      156  main.o(.data)
    icm42688_ready                           0x20000000   Data           1  main.o(.data)
    ina219_ready                             0x20000001   Data           1  main.o(.data)
    fusion_yaw_zero_valid                    0x20000002   Data           1  main.o(.data)
    straight_hold_active                     0x20000003   Data           1  main.o(.data)
    command_timeout_brake_active             0x20000004   Data           1  main.o(.data)
    command_rx_active                        0x20000005   Data           1  main.o(.data)
    command_brake_active                     0x20000006   Data           1  main.o(.data)
    servo_imu_pid_test_active                0x20000007   Data           1  main.o(.data)
    servo_imu_pid_target_initialized         0x20000008   Data           1  main.o(.data)
    heading_is_locked                        0x20000009   Data           1  main.o(.data)
    turn90_target_valid                      0x2000000a   Data           1  main.o(.data)
    turn_direction                           0x2000000b   Data           1  main.o(.data)
    motor_left_total_count                   0x20000010   Data           4  main.o(.data)
    motor_right_total_count                  0x20000014   Data           4  main.o(.data)
    fusion_yaw_debug                         0x20000018   Data           4  main.o(.data)
    fusion_yaw_zero_deg                      0x2000001c   Data           4  main.o(.data)
    command_linear_m_s                       0x20000020   Data           4  main.o(.data)
    command_angular_rad_s                    0x20000024   Data           4  main.o(.data)
    command_last_rx_ms                       0x20000028   Data           4  main.o(.data)
    telemetry_last_update_ms                 0x2000002c   Data           4  main.o(.data)
    odom_last_update_ms                      0x20000030   Data           4  main.o(.data)
    odom_x_m                                 0x20000034   Data           4  main.o(.data)
    odom_y_m                                 0x20000038   Data           4  main.o(.data)
    odom_theta_rad                           0x2000003c   Data           4  main.o(.data)
    odom_linear_speed_m_s                    0x20000040   Data           4  main.o(.data)
    odom_angular_speed_rad_s                 0x20000044   Data           4  main.o(.data)
    imu_last_accel_x_mg                      0x20000048   Data           4  main.o(.data)
    imu_last_accel_y_mg                      0x2000004c   Data           4  main.o(.data)
    imu_last_accel_z_mg                      0x20000050   Data           4  main.o(.data)
    imu_last_gyro_x_dps                      0x20000054   Data           4  main.o(.data)
    imu_last_gyro_y_dps                      0x20000058   Data           4  main.o(.data)
    imu_last_gyro_z_dps                      0x2000005c   Data           4  main.o(.data)
    straight_hold_target_yaw_rad             0x20000060   Data           4  main.o(.data)
    straight_hold_integral                   0x20000064   Data           4  main.o(.data)
    straight_hold_prev_error                 0x20000068   Data           4  main.o(.data)
    servo_imu_pid_target_yaw_rad             0x2000006c   Data           4  main.o(.data)
    servo_imu_pid_integral                   0x20000070   Data           4  main.o(.data)
    servo_imu_pid_prev_error                 0x20000074   Data           4  main.o(.data)
    wheel_left_speed_m_s                     0x20000078   Data           4  main.o(.data)
    wheel_right_speed_m_s                    0x2000007c   Data           4  main.o(.data)
    wheel_sync_integral                      0x20000080   Data           4  main.o(.data)
    wheel_sync_prev_error                    0x20000084   Data           4  main.o(.data)
    turn90_target_yaw_rad                    0x20000088   Data           4  main.o(.data)
    battery_voltage_v                        0x2000008c   Data           4  main.o(.data)
    battery_current_a                        0x20000090   Data           4  main.o(.data)
    battery_soc_percent                      0x20000094   Data           4  main.o(.data)
    servo_last_update_ms                     0x20000098   Data           4  main.o(.data)
    .data                                    0x2000009c   Section       16  ina219_sensor.o(.data)
    ina219_address                           0x2000009c   Data           1  ina219_sensor.o(.data)
    battery_soc_valid                        0x2000009d   Data           1  ina219_sensor.o(.data)
    battery_last_update_ms                   0x200000a0   Data           4  ina219_sensor.o(.data)
    battery_soc_percent                      0x200000a4   Data           4  ina219_sensor.o(.data)
    battery_remaining_ah                     0x200000a8   Data           4  ina219_sensor.o(.data)
    .data                                    0x200000ac   Section       16  motor.o(.data)
    motor_soft_pwm_counter                   0x200000ac   Data           1  motor.o(.data)
    motor_control_1ms_flag                   0x200000ad   Data           1  motor.o(.data)
    motor_left_mode                          0x200000ae   Data           1  motor.o(.data)
    motor_right_mode                         0x200000af   Data           1  motor.o(.data)
    motor_encoder_last_count                 0x200000b0   Data           2  motor.o(.data)
    motor2_encoder_last_count                0x200000b2   Data           2  motor.o(.data)
    motor1_dma_up_val                        0x200000b4   Data           4  motor.o(.data)
    motor1_dma_cc_val                        0x200000b8   Data           4  motor.o(.data)
    .data                                    0x200000bc   Section        8  servo.o(.data)
    servo_current_angle_deg                  0x200000bc   Data           4  servo.o(.data)
    servo_target_angle_deg                   0x200000c0   Data           4  servo.o(.data)
    .data                                    0x200000c4   Section       12  uart2_oled.o(.data)
    uart2_oled_row                           0x200000c4   Data           1  uart2_oled.o(.data)
    uart2_oled_col                           0x200000c5   Data           1  uart2_oled.o(.data)
    uart2_line_length                        0x200000c6   Data           1  uart2_oled.o(.data)
    uart2_line_ready                         0x200000c7   Data           1  uart2_oled.o(.data)
    USART3_rx_ring_head                      0x200000c8   Data           2  uart2_oled.o(.data)
    USART3_rx_ring_tail                      0x200000ca   Data           2  uart2_oled.o(.data)
    USART3_rx_overflow_count                 0x200000cc   Data           4  uart2_oled.o(.data)
    .data                                    0x200000d0   Section        1  my_rtc.o(.data)
    .data                                    0x200000d4   Section       12  stm32g4xx_hal.o(.data)
    .data                                    0x200000e0   Section        4  system_stm32g4xx.o(.data)
    .data                                    0x200000e4   Section        4  errno.o(.data)
    _errno                                   0x200000e4   Data           4  errno.o(.data)
    .bss                                     0x200000e8   Section      192  main.o(.bss)
    imu_gyro_bias                            0x200000e8   Data          12  main.o(.bss)
    fusion_tracker                           0x200000f4   Data         180  main.o(.bss)
    .bss                                     0x200001a8   Section      484  uart2_oled.o(.bss)
    USART3_rx_ring_buffer                    0x200001a8   Data         256  uart2_oled.o(.bss)
    uart2_oled_lines                         0x200002a8   Data         132  uart2_oled.o(.bss)
    uart2_line_buffer                        0x2000032c   Data          96  uart2_oled.o(.bss)
    .bss                                     0x2000038c   Section       40  my_rtc.o(.bss)
    STACK                                    0x200003b8   Section     1024  startup_stm32g431xx.o(STACK)

    Global Symbols

    Symbol Name                              Value     Ov Type        Size  Object(Section)

    BuildAttributes$$THM_ISAv4$E$P$D$K$B$S$7EM$VFPi3$EXTD16$VFPS$VFMA$PE$A:L22UL41UL21$X:L11$S22US41US21$IEEE1$IW$USESV6$~STKCKD$USESV7$~SHL$OTIME$ROPI$IEEEX$EBA8$MICROLIB$REQ8$PRES8$EABIv2 0x00000000   Number         0  anon$$obj.o ABSOLUTE
    __ARM_use_no_argv                        0x00000000   Number         0  main.o ABSOLUTE
    __cpp_initialize__aeabi_                  - Undefined Weak Reference
    __cxa_finalize                            - Undefined Weak Reference
    __decompress                              - Undefined Weak Reference
    _clock_init                               - Undefined Weak Reference
    _microlib_exit                            - Undefined Weak Reference
    _scanf_longlong                           - Undefined Weak Reference
    _scanf_string                             - Undefined Weak Reference
    __Vectors_Size                           0x000001d8   Number         0  startup_stm32g431xx.o ABSOLUTE
    __Vectors                                0x08004000   Data           4  startup_stm32g431xx.o(RESET)
    __Vectors_End                            0x080041d8   Data           0  startup_stm32g431xx.o(RESET)
    __main                                   0x080041d9   Thumb Code     0  entry.o(.ARM.Collect$$$$00000000)
    _main_stk                                0x080041d9   Thumb Code     0  entry2.o(.ARM.Collect$$$$00000001)
    _main_scatterload                        0x080041dd   Thumb Code     0  entry5.o(.ARM.Collect$$$$00000004)
    __main_after_scatterload                 0x080041e1   Thumb Code     0  entry5.o(.ARM.Collect$$$$00000004)
    _main_clock                              0x080041e1   Thumb Code     0  entry7b.o(.ARM.Collect$$$$00000008)
    _main_cpp_init                           0x080041e1   Thumb Code     0  entry8b.o(.ARM.Collect$$$$0000000A)
    _main_init                               0x080041e1   Thumb Code     0  entry9a.o(.ARM.Collect$$$$0000000B)
    __rt_final_cpp                           0x080041e9   Thumb Code     0  entry10a.o(.ARM.Collect$$$$0000000D)
    __rt_final_exit                          0x080041e9   Thumb Code     0  entry11a.o(.ARM.Collect$$$$0000000F)
    Reset_Handler                            0x080041ed   Thumb Code     8  startup_stm32g431xx.o(.text)
    ADC1_2_IRQHandler                        0x08004207   Thumb Code     0  startup_stm32g431xx.o(.text)
    COMP1_2_3_IRQHandler                     0x08004207   Thumb Code     0  startup_stm32g431xx.o(.text)
    COMP4_IRQHandler                         0x08004207   Thumb Code     0  startup_stm32g431xx.o(.text)
    CORDIC_IRQHandler                        0x08004207   Thumb Code     0  startup_stm32g431xx.o(.text)
    CRS_IRQHandler                           0x08004207   Thumb Code     0  startup_stm32g431xx.o(.text)
    DMA1_Channel1_IRQHandler                 0x08004207   Thumb Code     0  startup_stm32g431xx.o(.text)
    DMA1_Channel2_IRQHandler                 0x08004207   Thumb Code     0  startup_stm32g431xx.o(.text)
    DMA1_Channel3_IRQHandler                 0x08004207   Thumb Code     0  startup_stm32g431xx.o(.text)
    DMA1_Channel4_IRQHandler                 0x08004207   Thumb Code     0  startup_stm32g431xx.o(.text)
    DMA1_Channel5_IRQHandler                 0x08004207   Thumb Code     0  startup_stm32g431xx.o(.text)
    DMA1_Channel6_IRQHandler                 0x08004207   Thumb Code     0  startup_stm32g431xx.o(.text)
    DMA2_Channel1_IRQHandler                 0x08004207   Thumb Code     0  startup_stm32g431xx.o(.text)
    DMA2_Channel2_IRQHandler                 0x08004207   Thumb Code     0  startup_stm32g431xx.o(.text)
    DMA2_Channel3_IRQHandler                 0x08004207   Thumb Code     0  startup_stm32g431xx.o(.text)
    DMA2_Channel4_IRQHandler                 0x08004207   Thumb Code     0  startup_stm32g431xx.o(.text)
    DMA2_Channel5_IRQHandler                 0x08004207   Thumb Code     0  startup_stm32g431xx.o(.text)
    DMA2_Channel6_IRQHandler                 0x08004207   Thumb Code     0  startup_stm32g431xx.o(.text)
    DMAMUX_OVR_IRQHandler                    0x08004207   Thumb Code     0  startup_stm32g431xx.o(.text)
    EXTI0_IRQHandler                         0x08004207   Thumb Code     0  startup_stm32g431xx.o(.text)
    EXTI15_10_IRQHandler                     0x08004207   Thumb Code     0  startup_stm32g431xx.o(.text)
    EXTI1_IRQHandler                         0x08004207   Thumb Code     0  startup_stm32g431xx.o(.text)
    EXTI2_IRQHandler                         0x08004207   Thumb Code     0  startup_stm32g431xx.o(.text)
    EXTI3_IRQHandler                         0x08004207   Thumb Code     0  startup_stm32g431xx.o(.text)
    EXTI4_IRQHandler                         0x08004207   Thumb Code     0  startup_stm32g431xx.o(.text)
    EXTI9_5_IRQHandler                       0x08004207   Thumb Code     0  startup_stm32g431xx.o(.text)
    FDCAN1_IT0_IRQHandler                    0x08004207   Thumb Code     0  startup_stm32g431xx.o(.text)
    FDCAN1_IT1_IRQHandler                    0x08004207   Thumb Code     0  startup_stm32g431xx.o(.text)
    FLASH_IRQHandler                         0x08004207   Thumb Code     0  startup_stm32g431xx.o(.text)
    FMAC_IRQHandler                          0x08004207   Thumb Code     0  startup_stm32g431xx.o(.text)
    FPU_IRQHandler                           0x08004207   Thumb Code     0  startup_stm32g431xx.o(.text)
    I2C1_ER_IRQHandler                       0x08004207   Thumb Code     0  startup_stm32g431xx.o(.text)
    I2C1_EV_IRQHandler                       0x08004207   Thumb Code     0  startup_stm32g431xx.o(.text)
    I2C2_ER_IRQHandler                       0x08004207   Thumb Code     0  startup_stm32g431xx.o(.text)
    I2C2_EV_IRQHandler                       0x08004207   Thumb Code     0  startup_stm32g431xx.o(.text)
    I2C3_ER_IRQHandler                       0x08004207   Thumb Code     0  startup_stm32g431xx.o(.text)
    I2C3_EV_IRQHandler                       0x08004207   Thumb Code     0  startup_stm32g431xx.o(.text)
    LPTIM1_IRQHandler                        0x08004207   Thumb Code     0  startup_stm32g431xx.o(.text)
    LPUART1_IRQHandler                       0x08004207   Thumb Code     0  startup_stm32g431xx.o(.text)
    PVD_PVM_IRQHandler                       0x08004207   Thumb Code     0  startup_stm32g431xx.o(.text)
    RCC_IRQHandler                           0x08004207   Thumb Code     0  startup_stm32g431xx.o(.text)
    RNG_IRQHandler                           0x08004207   Thumb Code     0  startup_stm32g431xx.o(.text)
    RTC_TAMP_LSECSS_IRQHandler               0x08004207   Thumb Code     0  startup_stm32g431xx.o(.text)
    SAI1_IRQHandler                          0x08004207   Thumb Code     0  startup_stm32g431xx.o(.text)
    SPI1_IRQHandler                          0x08004207   Thumb Code     0  startup_stm32g431xx.o(.text)
    SPI2_IRQHandler                          0x08004207   Thumb Code     0  startup_stm32g431xx.o(.text)
    SPI3_IRQHandler                          0x08004207   Thumb Code     0  startup_stm32g431xx.o(.text)
    TIM1_BRK_TIM15_IRQHandler                0x08004207   Thumb Code     0  startup_stm32g431xx.o(.text)
    TIM1_CC_IRQHandler                       0x08004207   Thumb Code     0  startup_stm32g431xx.o(.text)
    TIM1_TRG_COM_TIM17_IRQHandler            0x08004207   Thumb Code     0  startup_stm32g431xx.o(.text)
    TIM1_UP_TIM16_IRQHandler                 0x08004207   Thumb Code     0  startup_stm32g431xx.o(.text)
    TIM3_IRQHandler                          0x08004207   Thumb Code     0  startup_stm32g431xx.o(.text)
    TIM4_IRQHandler                          0x08004207   Thumb Code     0  startup_stm32g431xx.o(.text)
    TIM6_DAC_IRQHandler                      0x08004207   Thumb Code     0  startup_stm32g431xx.o(.text)
    TIM7_IRQHandler                          0x08004207   Thumb Code     0  startup_stm32g431xx.o(.text)
    TIM8_BRK_IRQHandler                      0x08004207   Thumb Code     0  startup_stm32g431xx.o(.text)
    TIM8_CC_IRQHandler                       0x08004207   Thumb Code     0  startup_stm32g431xx.o(.text)
    TIM8_TRG_COM_IRQHandler                  0x08004207   Thumb Code     0  startup_stm32g431xx.o(.text)
    TIM8_UP_IRQHandler                       0x08004207   Thumb Code     0  startup_stm32g431xx.o(.text)
    UART4_IRQHandler                         0x08004207   Thumb Code     0  startup_stm32g431xx.o(.text)
    UCPD1_IRQHandler                         0x08004207   Thumb Code     0  startup_stm32g431xx.o(.text)
    USART1_IRQHandler                        0x08004207   Thumb Code     0  startup_stm32g431xx.o(.text)
    USART2_IRQHandler                        0x08004207   Thumb Code     0  startup_stm32g431xx.o(.text)
    USBWakeUp_IRQHandler                     0x08004207   Thumb Code     0  startup_stm32g431xx.o(.text)
    USB_HP_IRQHandler                        0x08004207   Thumb Code     0  startup_stm32g431xx.o(.text)
    USB_LP_IRQHandler                        0x08004207   Thumb Code     0  startup_stm32g431xx.o(.text)
    WWDG_IRQHandler                          0x08004207   Thumb Code     0  startup_stm32g431xx.o(.text)
    __aeabi_memcpy                           0x08004211   Thumb Code    36  memcpya.o(.text)
    __aeabi_memcpy4                          0x08004211   Thumb Code     0  memcpya.o(.text)
    __aeabi_memcpy8                          0x08004211   Thumb Code     0  memcpya.o(.text)
    __aeabi_memset                           0x08004235   Thumb Code    14  memseta.o(.text)
    __aeabi_memset4                          0x08004235   Thumb Code     0  memseta.o(.text)
    __aeabi_memset8                          0x08004235   Thumb Code     0  memseta.o(.text)
    __aeabi_memclr                           0x08004243   Thumb Code     4  memseta.o(.text)
    __aeabi_memclr4                          0x08004243   Thumb Code     0  memseta.o(.text)
    __aeabi_memclr8                          0x08004243   Thumb Code     0  memseta.o(.text)
    _memset$wrapper                          0x08004247   Thumb Code    18  memseta.o(.text)
    strcmp                                   0x08004259   Thumb Code    28  strcmp.o(.text)
    strncmp                                  0x08004275   Thumb Code    30  strncmp.o(.text)
    __0sscanf                                0x08004295   Thumb Code    48  __0sscanf.o(.text)
    _scanf_int                               0x080042cd   Thumb Code   332  _scanf_int.o(.text)
    __aeabi_dadd                             0x08004419   Thumb Code   322  dadd.o(.text)
    __aeabi_dsub                             0x0800455b   Thumb Code     6  dadd.o(.text)
    __aeabi_drsub                            0x08004561   Thumb Code     6  dadd.o(.text)
    __aeabi_dmul                             0x08004567   Thumb Code   228  dmul.o(.text)
    __aeabi_ddiv                             0x0800464b   Thumb Code   222  ddiv.o(.text)
    __aeabi_f2d                              0x08004729   Thumb Code    38  f2d.o(.text)
    __aeabi_cdcmpeq                          0x08004751   Thumb Code     0  cdcmple.o(.text)
    __aeabi_cdcmple                          0x08004751   Thumb Code    48  cdcmple.o(.text)
    __aeabi_cdrcmple                         0x08004781   Thumb Code    48  cdrcmple.o(.text)
    __aeabi_d2f                              0x080047b1   Thumb Code    56  d2f.o(.text)
    __aeabi_uidiv                            0x080047e9   Thumb Code     0  uidiv.o(.text)
    __aeabi_uidivmod                         0x080047e9   Thumb Code    44  uidiv.o(.text)
    __aeabi_uldivmod                         0x08004815   Thumb Code    98  uldiv.o(.text)
    __aeabi_llsl                             0x08004877   Thumb Code    30  llshl.o(.text)
    _ll_shift_l                              0x08004877   Thumb Code     0  llshl.o(.text)
    __aeabi_llsr                             0x08004895   Thumb Code    32  llushr.o(.text)
    _ll_ushift_r                             0x08004895   Thumb Code     0  llushr.o(.text)
    __aeabi_lasr                             0x080048b5   Thumb Code    36  llsshr.o(.text)
    _ll_sshift_r                             0x080048b5   Thumb Code     0  llsshr.o(.text)
    _chval                                   0x080048d9   Thumb Code    28  _chval.o(.text)
    __vfscanf_char                           0x08004901   Thumb Code    20  scanf_char.o(.text)
    _sgetc                                   0x0800491d   Thumb Code    30  _sgetc.o(.text)
    _sbackspace                              0x0800493b   Thumb Code    34  _sgetc.o(.text)
    __strtof_int                             0x0800495d   Thumb Code    26  strtof.o(.text)
    __I$use$fp                               0x08004977   Thumb Code     0  iusefp.o(.text)
    _float_round                             0x08004977   Thumb Code    18  fepilogue.o(.text)
    _float_epilogue                          0x08004989   Thumb Code    92  fepilogue.o(.text)
    _double_round                            0x080049e5   Thumb Code    30  depilogue.o(.text)
    _double_epilogue                         0x08004a03   Thumb Code   156  depilogue.o(.text)
    __aeabi_d2ulz                            0x08004a9f   Thumb Code    48  dfixul.o(.text)
    __fp_status                              0x08004acf   Thumb Code     4  fpstat.o(.text)
    __ieee_status                            0x08004acf   Thumb Code     0  fpstat.o(.text)
    __scatterload                            0x08004ad5   Thumb Code    28  init.o(.text)
    __scatterload_rt2                        0x08004ad5   Thumb Code     0  init.o(.text)
    isspace                                  0x08004af9   Thumb Code    10  isspace_c.o(.text)
    __vfscanf                                0x08004b05   Thumb Code   808  _scanf.o(.text)
    __strtod_int                             0x08004e67   Thumb Code    90  strtod.o(.text)
    __ctype_lookup                           0x08004ecd   Thumb Code    34  ctype_c.o(.text)
    _scanf_real                              0x0800501d   Thumb Code     0  scanf_fp.o(.text)
    _scanf_really_real                       0x0800501d   Thumb Code   556  scanf_fp.o(.text)
    __aeabi_ul2d                             0x08005255   Thumb Code    24  dfltul.o(.text)
    Board_Buzzer_Beep                        0x08005301   Thumb Code    26  board.o(i.Board_Buzzer_Beep)
    Board_Buzzer_Write                       0x0800531d   Thumb Code    12  board.o(i.Board_Buzzer_Write)
    Board_Init                               0x080053bd   Thumb Code    18  board.o(i.Board_Init)
    Board_LoadSwitch_Write                   0x080053d1   Thumb Code    12  board.o(i.Board_LoadSwitch_Write)
    Board_SystemClock_Config                 0x080053e1   Thumb Code   108  board.o(i.Board_SystemClock_Config)
    BusFault_Handler                         0x0800544d   Thumb Code     2  stm32g4xx_it.o(i.BusFault_Handler)
    DebugMon_Handler                         0x0800545f   Thumb Code     2  stm32g4xx_it.o(i.DebugMon_Handler)
    Error_Handler                            0x08005461   Thumb Code     4  main.o(i.Error_Handler)
    FusionAhrsInitialise                     0x080054cd   Thumb Code    20  fusion_tracker.o(i.FusionAhrsInitialise)
    FusionAhrsRestart                        0x080054e5   Thumb Code    78  fusion_tracker.o(i.FusionAhrsRestart)
    FusionAhrsSetSettings                    0x08005539   Thumb Code   228  fusion_tracker.o(i.FusionAhrsSetSettings)
    FusionAhrsUpdate                         0x08005625   Thumb Code   756  fusion_tracker.o(i.FusionAhrsUpdate)
    FusionBiasInitialise                     0x08005945   Thumb Code    22  fusion_tracker.o(i.FusionBiasInitialise)
    FusionBiasSetSettings                    0x08005961   Thumb Code    48  fusion_tracker.o(i.FusionBiasSetSettings)
    FusionBiasUpdate                         0x08005995   Thumb Code   162  fusion_tracker.o(i.FusionBiasUpdate)
    FusionTracker_Init                       0x08005b81   Thumb Code   124  fusion_tracker.o(i.FusionTracker_Init)
    FusionTracker_Update                     0x08005c09   Thumb Code   128  fusion_tracker.o(i.FusionTracker_Update)
    HAL_Delay                                0x08005d69   Thumb Code    32  stm32g4xx_hal.o(i.HAL_Delay)
    HAL_GPIO_Init                            0x08005d8d   Thumb Code   532  stm32g4xx_hal_gpio.o(i.HAL_GPIO_Init)
    HAL_GPIO_ReadPin                         0x08005fc1   Thumb Code    10  stm32g4xx_hal_gpio.o(i.HAL_GPIO_ReadPin)
    HAL_GPIO_WritePin                        0x08005fcb   Thumb Code    10  stm32g4xx_hal_gpio.o(i.HAL_GPIO_WritePin)
    HAL_GetTick                              0x08005fd5   Thumb Code     6  stm32g4xx_hal.o(i.HAL_GetTick)
    HAL_IncTick                              0x08005fe1   Thumb Code    12  stm32g4xx_hal.o(i.HAL_IncTick)
    HAL_Init                                 0x08005ff1   Thumb Code    30  stm32g4xx_hal.o(i.HAL_Init)
    HAL_InitTick                             0x08006011   Thumb Code    58  stm32g4xx_hal.o(i.HAL_InitTick)
    HAL_MspInit                              0x08006055   Thumb Code    42  stm32g4xx_hal_msp.o(i.HAL_MspInit)
    HAL_NVIC_EnableIRQ                       0x08006085   Thumb Code    26  stm32g4xx_hal_cortex.o(i.HAL_NVIC_EnableIRQ)
    HAL_NVIC_SetPriority                     0x080060a1   Thumb Code    60  stm32g4xx_hal_cortex.o(i.HAL_NVIC_SetPriority)
    HAL_NVIC_SetPriorityGrouping             0x080060e1   Thumb Code    26  stm32g4xx_hal_cortex.o(i.HAL_NVIC_SetPriorityGrouping)
    HAL_PWREx_ControlVoltageScaling          0x08006105   Thumb Code   174  stm32g4xx_hal_pwr_ex.o(i.HAL_PWREx_ControlVoltageScaling)
    HAL_PWREx_DisableUCPDDeadBattery         0x080061c1   Thumb Code    12  stm32g4xx_hal_pwr_ex.o(i.HAL_PWREx_DisableUCPDDeadBattery)
    HAL_PWREx_EnterSTOP0Mode                 0x080061d1   Thumb Code    44  stm32g4xx_hal_pwr_ex.o(i.HAL_PWREx_EnterSTOP0Mode)
    HAL_PWREx_EnterSTOP1Mode                 0x08006205   Thumb Code    46  stm32g4xx_hal_pwr_ex.o(i.HAL_PWREx_EnterSTOP1Mode)
    HAL_PWR_EnterSTOPMode                    0x0800623d   Thumb Code    16  stm32g4xx_hal_pwr.o(i.HAL_PWR_EnterSTOPMode)
    HAL_RCCEx_PeriphCLKConfig                0x0800624d   Thumb Code   638  stm32g4xx_hal_rcc_ex.o(i.HAL_RCCEx_PeriphCLKConfig)
    HAL_RCC_ClockConfig                      0x080064d5   Thumb Code   444  stm32g4xx_hal_rcc.o(i.HAL_RCC_ClockConfig)
    HAL_RCC_GetPCLK1Freq                     0x080066b1   Thumb Code    24  stm32g4xx_hal_rcc.o(i.HAL_RCC_GetPCLK1Freq)
    HAL_RCC_GetPCLK2Freq                     0x080066d5   Thumb Code    24  stm32g4xx_hal_rcc.o(i.HAL_RCC_GetPCLK2Freq)
    HAL_RCC_GetSysClockFreq                  0x080066f9   Thumb Code    98  stm32g4xx_hal_rcc.o(i.HAL_RCC_GetSysClockFreq)
    HAL_RCC_OscConfig                        0x08006769   Thumb Code  1028  stm32g4xx_hal_rcc.o(i.HAL_RCC_OscConfig)
    HAL_RTCEx_AlarmBEventCallback            0x08006b6d   Thumb Code     2  stm32g4xx_hal_rtc_ex.o(i.HAL_RTCEx_AlarmBEventCallback)
    HAL_RTCEx_BKUPRead                       0x08006b71   Thumb Code     8  stm32g4xx_hal_rtc_ex.o(i.HAL_RTCEx_BKUPRead)
    HAL_RTCEx_BKUPWrite                      0x08006b7d   Thumb Code     8  stm32g4xx_hal_rtc_ex.o(i.HAL_RTCEx_BKUPWrite)
    HAL_RTCEx_WakeUpTimerEventCallback       0x08006b89   Thumb Code     2  stm32g4xx_hal_rtc_ex.o(i.HAL_RTCEx_WakeUpTimerEventCallback)
    HAL_RTCEx_WakeUpTimerIRQHandler          0x08006b8d   Thumb Code    36  stm32g4xx_hal_rtc_ex.o(i.HAL_RTCEx_WakeUpTimerIRQHandler)
    HAL_RTC_AlarmAEventCallback              0x08006bb5   Thumb Code     8  my_rtc.o(i.HAL_RTC_AlarmAEventCallback)
    HAL_RTC_AlarmIRQHandler                  0x08006bc1   Thumb Code    62  stm32g4xx_hal_rtc.o(i.HAL_RTC_AlarmIRQHandler)
    HAL_RTC_GetDate                          0x08006c05   Thumb Code    62  stm32g4xx_hal_rtc.o(i.HAL_RTC_GetDate)
    HAL_RTC_GetTime                          0x08006c49   Thumb Code    78  stm32g4xx_hal_rtc.o(i.HAL_RTC_GetTime)
    HAL_RTC_Init                             0x08006c9d   Thumb Code   152  stm32g4xx_hal_rtc.o(i.HAL_RTC_Init)
    HAL_RTC_MspInit                          0x08006d39   Thumb Code     2  stm32g4xx_hal_rtc.o(i.HAL_RTC_MspInit)
    HAL_RTC_SetAlarm_IT                      0x08006d3d   Thumb Code   374  stm32g4xx_hal_rtc.o(i.HAL_RTC_SetAlarm_IT)
    HAL_RTC_SetDate                          0x08006eb9   Thumb Code   156  stm32g4xx_hal_rtc.o(i.HAL_RTC_SetDate)
    HAL_RTC_SetTime                          0x08006f59   Thumb Code   198  stm32g4xx_hal_rtc.o(i.HAL_RTC_SetTime)
    HAL_RTC_WaitForSynchro                   0x08007025   Thumb Code    50  stm32g4xx_hal_rtc.o(i.HAL_RTC_WaitForSynchro)
    HAL_ResumeTick                           0x0800705d   Thumb Code    14  stm32g4xx_hal.o(i.HAL_ResumeTick)
    HAL_SYSTICK_Config                       0x0800706b   Thumb Code    40  stm32g4xx_hal_cortex.o(i.HAL_SYSTICK_Config)
    HAL_SuspendTick                          0x08007093   Thumb Code    14  stm32g4xx_hal.o(i.HAL_SuspendTick)
    HardFault_Handler                        0x080071c5   Thumb Code    26  stm32g4xx_it.o(i.HardFault_Handler)
    ICM42688_IMU_CalibrateGyroBias           0x0800726d   Thumb Code   142  icm42688_imu.o(i.ICM42688_IMU_CalibrateGyroBias)
    ICM42688_IMU_Init                        0x08007301   Thumb Code   206  icm42688_imu.o(i.ICM42688_IMU_Init)
    ICM42688_IMU_ReadAccelMg                 0x080073d9   Thumb Code   122  icm42688_imu.o(i.ICM42688_IMU_ReadAccelMg)
    ICM42688_IMU_ReadGyroDps                 0x08007459   Thumb Code   110  icm42688_imu.o(i.ICM42688_IMU_ReadGyroDps)
    INA219_BatteryGetSocPercent              0x080075d5   Thumb Code     8  ina219_sensor.o(i.INA219_BatteryGetSocPercent)
    INA219_BatteryReset                      0x080075e1   Thumb Code    22  ina219_sensor.o(i.INA219_BatteryReset)
    INA219_BatterySeedSocFromVoltage4S       0x08007601   Thumb Code    66  ina219_sensor.o(i.INA219_BatterySeedSocFromVoltage4S)
    INA219_BatteryUpdateSoc4S                0x08007651   Thumb Code   288  ina219_sensor.o(i.INA219_BatteryUpdateSoc4S)
    INA219_Sensor_Init                       0x0800793d   Thumb Code    98  ina219_sensor.o(i.INA219_Sensor_Init)
    INA219_Sensor_ReadBusVoltage_V           0x080079ad   Thumb Code    42  ina219_sensor.o(i.INA219_Sensor_ReadBusVoltage_V)
    INA219_Sensor_ReadCurrent_A              0x080079e1   Thumb Code    50  ina219_sensor.o(i.INA219_Sensor_ReadCurrent_A)
    MemManage_Handler                        0x08007afd   Thumb Code     2  stm32g4xx_it.o(i.MemManage_Handler)
    Motor_BrakeAll                           0x08008b55   Thumb Code    44  motor.o(i.Motor_BrakeAll)
    Motor_GetLeftDeltaCount                  0x08008c41   Thumb Code    18  motor.o(i.Motor_GetLeftDeltaCount)
    Motor_GetRightDeltaCount                 0x08008c5d   Thumb Code    16  motor.o(i.Motor_GetRightDeltaCount)
    Motor_Init                               0x08008c75   Thumb Code   144  motor.o(i.Motor_Init)
    Motor_ReleaseAll                         0x08008da9   Thumb Code    30  motor.o(i.Motor_ReleaseAll)
    Motor_SetLeftDutyPercent                 0x08008dd5   Thumb Code   130  motor.o(i.Motor_SetLeftDutyPercent)
    Motor_SetRightDutyPercent                0x08008e61   Thumb Code   114  motor.o(i.Motor_SetRightDutyPercent)
    Motor_TIM2_IRQHandler                    0x08008ee1   Thumb Code    40  motor.o(i.Motor_TIM2_IRQHandler)
    Motor_TakeControl1msFlag                 0x08008f0d   Thumb Code    10  motor.o(i.Motor_TakeControl1msFlag)
    MyRTC_GetTime                            0x08008f1d   Thumb Code    72  my_rtc.o(i.MyRTC_GetTime)
    MyRTC_Init                               0x08008f69   Thumb Code   192  my_rtc.o(i.MyRTC_Init)
    MyRTC_SetAlarmA                          0x08009035   Thumb Code    88  my_rtc.o(i.MyRTC_SetAlarmA)
    MyRTC_SetTime                            0x08009091   Thumb Code    50  my_rtc.o(i.MyRTC_SetTime)
    MySPI_Init                               0x080090c9   Thumb Code   116  my_spi.o(i.MySPI_Init)
    MySPI_Start                              0x08009149   Thumb Code     6  my_spi.o(i.MySPI_Start)
    MySPI_Stop                               0x0800914f   Thumb Code     6  my_spi.o(i.MySPI_Stop)
    MySPI_SwapByte                           0x08009155   Thumb Code    86  my_spi.o(i.MySPI_SwapByte)
    NMI_Handler                              0x080091e1   Thumb Code     2  stm32g4xx_it.o(i.NMI_Handler)
    PendSV_Handler                           0x080091e3   Thumb Code     2  stm32g4xx_it.o(i.PendSV_Handler)
    RTC_Alarm_IRQHandler                     0x080091e5   Thumb Code     6  stm32g4xx_it.o(i.RTC_Alarm_IRQHandler)
    RTC_Bcd2ToByte                           0x080091f1   Thumb Code    18  stm32g4xx_hal_rtc.o(i.RTC_Bcd2ToByte)
    RTC_ByteToBcd2                           0x08009203   Thumb Code    24  stm32g4xx_hal_rtc.o(i.RTC_ByteToBcd2)
    RTC_EnterInitMode                        0x0800921d   Thumb Code    74  stm32g4xx_hal_rtc.o(i.RTC_EnterInitMode)
    RTC_ExitInitMode                         0x08009267   Thumb Code    80  stm32g4xx_hal_rtc.o(i.RTC_ExitInitMode)
    RTC_WKUP_IRQHandler                      0x080092b9   Thumb Code     6  my_rtc.o(i.RTC_WKUP_IRQHandler)
    SVC_Handler                              0x080092c5   Thumb Code     2  stm32g4xx_it.o(i.SVC_Handler)
    Servo_Init                               0x080092c9   Thumb Code    74  servo.o(i.Servo_Init)
    Servo_SetAngleDeg                        0x080093b9   Thumb Code    38  servo.o(i.Servo_SetAngleDeg)
    Servo_Update                             0x080093f5   Thumb Code    78  servo.o(i.Servo_Update)
    SysTick_Handler                          0x080094a5   Thumb Code     4  stm32g4xx_it.o(i.SysTick_Handler)
    SystemInit                               0x080094a9   Thumb Code    20  system_stm32g4xx.o(i.SystemInit)
    TIM2_IRQHandler                          0x080094c5   Thumb Code     4  stm32g4xx_it.o(i.TIM2_IRQHandler)
    UART2_OLED_ClearText                     0x080094c9   Thumb Code    42  uart2_oled.o(i.UART2_OLED_ClearText)
    UART2_OLED_Init                          0x080094fd   Thumb Code    74  uart2_oled.o(i.UART2_OLED_Init)
    UART2_OLED_Printf                        0x08009599   Thumb Code    30  uart2_oled.o(i.UART2_OLED_Printf)
    UART2_OLED_ProcessRx                     0x080095b9   Thumb Code    36  uart2_oled.o(i.UART2_OLED_ProcessRx)
    UART2_OLED_ReadLine                      0x08009681   Thumb Code    52  uart2_oled.o(i.UART2_OLED_ReadLine)
    UART2_OLED_RenderDashboard               0x080096bd   Thumb Code   174  uart2_oled.o(i.UART2_OLED_RenderDashboard)
    UART2_OLED_SendString                    0x0800980d   Thumb Code    32  uart2_oled.o(i.UART2_OLED_SendString)
    USART3_IRQHandler                        0x08009831   Thumb Code     4  stm32g4xx_it.o(i.USART3_IRQHandler)
    USART3_IRQHandler_Callback               0x08009835   Thumb Code    70  uart2_oled.o(i.USART3_IRQHandler_Callback)
    UsageFault_Handler                       0x08009919   Thumb Code     2  stm32g4xx_it.o(i.UsageFault_Handler)
    W25Q64_Init                              0x0800991b   Thumb Code     4  w25q64.o(i.W25Q64_Init)
    W25Q64_PageProgram                       0x0800991f   Thumb Code    74  w25q64.o(i.W25Q64_PageProgram)
    W25Q64_ReadData                          0x08009969   Thumb Code    66  w25q64.o(i.W25Q64_ReadData)
    W25Q64_ReadID                            0x080099ab   Thumb Code    60  w25q64.o(i.W25Q64_ReadID)
    W25Q64_SectorErase                       0x080099e7   Thumb Code    52  w25q64.o(i.W25Q64_SectorErase)
    W25Q64_WaitBusy                          0x08009a1d   Thumb Code    38  w25q64.o(i.W25Q64_WaitBusy)
    W25Q64_WriteEnable                       0x08009a49   Thumb Code    20  w25q64.o(i.W25Q64_WriteEnable)
    __0vsnprintf                             0x08009a5d   Thumb Code    40  printfa.o(i.__0vsnprintf)
    __1vsnprintf                             0x08009a5d   Thumb Code     0  printfa.o(i.__0vsnprintf)
    __2vsnprintf                             0x08009a5d   Thumb Code     0  printfa.o(i.__0vsnprintf)
    __c89vsnprintf                           0x08009a5d   Thumb Code     0  printfa.o(i.__0vsnprintf)
    vsnprintf                                0x08009a5d   Thumb Code     0  printfa.o(i.__0vsnprintf)
    __ARM_fpclassifyf                        0x08009a89   Thumb Code    38  fpclassifyf.o(i.__ARM_fpclassifyf)
    __hardfp___mathlib_tofloat               0x08009ad1   Thumb Code   232  narrow.o(i.__hardfp___mathlib_tofloat)
    __hardfp_asinf                           0x08009bc9   Thumb Code   258  asinf.o(i.__hardfp_asinf)
    __hardfp_atan2f                          0x08009cf5   Thumb Code   502  atan2f.o(i.__hardfp_atan2f)
    __hardfp_cosf                            0x08009f45   Thumb Code   280  cosf.o(i.__hardfp_cosf)
    __hardfp_powf                            0x0800a095   Thumb Code  1606  powf.o(i.__hardfp_powf)
    __mathlib_powf                           0x0800a095   Thumb Code     0  powf.o(i.__hardfp_powf)
    __hardfp_sinf                            0x0800a6f9   Thumb Code   344  sinf.o(i.__hardfp_sinf)
    __hardfp_strtof                          0x0800a889   Thumb Code    26  strtof.o(i.__hardfp_strtof)
    __mathlib_flt_divzero                    0x0800a8a9   Thumb Code    14  funder.o(i.__mathlib_flt_divzero)
    __mathlib_flt_infnan                     0x0800a8bd   Thumb Code     6  funder.o(i.__mathlib_flt_infnan)
    __mathlib_flt_infnan2                    0x0800a8c3   Thumb Code     6  funder.o(i.__mathlib_flt_infnan2)
    __mathlib_flt_invalid                    0x0800a8c9   Thumb Code    10  funder.o(i.__mathlib_flt_invalid)
    __mathlib_flt_overflow                   0x0800a8d9   Thumb Code    10  funder.o(i.__mathlib_flt_overflow)
    __mathlib_flt_underflow                  0x0800a8e9   Thumb Code    10  funder.o(i.__mathlib_flt_underflow)
    __mathlib_narrow                         0x0800a8f9   Thumb Code    18  narrow.o(i.__mathlib_narrow)
    __mathlib_rredf2                         0x0800a90d   Thumb Code   316  rredf.o(i.__mathlib_rredf2)
    __scatterload_copy                       0x0800aa61   Thumb Code    14  handlers.o(i.__scatterload_copy)
    __scatterload_null                       0x0800aa6f   Thumb Code     2  handlers.o(i.__scatterload_null)
    __scatterload_zeroinit                   0x0800aa71   Thumb Code    14  handlers.o(i.__scatterload_zeroinit)
    __set_errno                              0x0800aa81   Thumb Code     6  errno.o(i.__set_errno)
    _is_digit                                0x0800ac11   Thumb Code    14  scanf_fp.o(i._is_digit)
    frexp                                    0x0800b369   Thumb Code   118  frexp.o(i.frexp)
    main                                     0x0800b3f5   Thumb Code  1594  main.o(i.main)
    sqrtf                                    0x0800ba3d   Thumb Code    62  sqrtf.o(i.sqrtf)
    fusionAhrsDefaultSettings                0x0800ba7c   Data          24  fusion_tracker.o(.constdata)
    fusionBiasDefaultSettings                0x0800ba94   Data          12  fusion_tracker.o(.constdata)
    AHBPrescTable                            0x0800baec   Data          16  system_stm32g4xx.o(.constdata)
    APBPrescTable                            0x0800bafc   Data           8  system_stm32g4xx.o(.constdata)
    __ctype_categories                       0x0800bc64   Data          64  ctype_c.o(.constdata)
    Region$$Table$$Base                      0x0800bd00   Number         0  anon$$obj.o(Region$$Table)
    Region$$Table$$Limit                     0x0800bd20   Number         0  anon$$obj.o(Region$$Table)
    system_power_mode                        0x2000000c   Data           1  main.o(.data)
    rtc_alarm_triggered                      0x200000d0   Data           1  my_rtc.o(.data)
    uwTickPrio                               0x200000d4   Data           4  stm32g4xx_hal.o(.data)
    uwTickFreq                               0x200000d8   Data           4  stm32g4xx_hal.o(.data)
    uwTick                                   0x200000dc   Data           4  stm32g4xx_hal.o(.data)
    SystemCoreClock                          0x200000e0   Data           4  system_stm32g4xx.o(.data)
    hrtc                                     0x2000038c   Data          40  my_rtc.o(.bss)
    __initial_sp                             0x200007b8   Data           0  startup_stm32g431xx.o(STACK)



==============================================================================

Memory Map of the image

  Image Entry point : 0x080041d9

  Load Region LR_IROM1 (Base: 0x08004000, Size: 0x00007e08, Max: 0x0001c000, ABSOLUTE)

    Execution Region ER_IROM1 (Base: 0x08004000, Size: 0x00007d20, Max: 0x0001c000, ABSOLUTE)

    Base Addr    Size         Type   Attr      Idx    E Section Name        Object

    0x08004000   0x000001d8   Data   RO            3    RESET               startup_stm32g431xx.o
    0x080041d8   0x00000000   Code   RO         3802  * .ARM.Collect$$$$00000000  mc_w.l(entry.o)
    0x080041d8   0x00000004   Code   RO         3925    .ARM.Collect$$$$00000001  mc_w.l(entry2.o)
    0x080041dc   0x00000004   Code   RO         3928    .ARM.Collect$$$$00000004  mc_w.l(entry5.o)
    0x080041e0   0x00000000   Code   RO         3930    .ARM.Collect$$$$00000008  mc_w.l(entry7b.o)
    0x080041e0   0x00000000   Code   RO         3932    .ARM.Collect$$$$0000000A  mc_w.l(entry8b.o)
    0x080041e0   0x00000008   Code   RO         3933    .ARM.Collect$$$$0000000B  mc_w.l(entry9a.o)
    0x080041e8   0x00000000   Code   RO         3935    .ARM.Collect$$$$0000000D  mc_w.l(entry10a.o)
    0x080041e8   0x00000000   Code   RO         3937    .ARM.Collect$$$$0000000F  mc_w.l(entry11a.o)
    0x080041e8   0x00000004   Code   RO         3926    .ARM.Collect$$$$00002712  mc_w.l(entry2.o)
    0x080041ec   0x00000024   Code   RO            4    .text               startup_stm32g431xx.o
    0x08004210   0x00000024   Code   RO         3805    .text               mc_w.l(memcpya.o)
    0x08004234   0x00000024   Code   RO         3807    .text               mc_w.l(memseta.o)
    0x08004258   0x0000001c   Code   RO         3809    .text               mc_w.l(strcmp.o)
    0x08004274   0x0000001e   Code   RO         3811    .text               mc_w.l(strncmp.o)
    0x08004292   0x00000002   PAD
    0x08004294   0x00000038   Code   RO         3843    .text               mc_w.l(__0sscanf.o)
    0x080042cc   0x0000014c   Code   RO         3845    .text               mc_w.l(_scanf_int.o)
    0x08004418   0x0000014e   Code   RO         3847    .text               mf_w.l(dadd.o)
    0x08004566   0x000000e4   Code   RO         3849    .text               mf_w.l(dmul.o)
    0x0800464a   0x000000de   Code   RO         3851    .text               mf_w.l(ddiv.o)
    0x08004728   0x00000026   Code   RO         3863    .text               mf_w.l(f2d.o)
    0x0800474e   0x00000002   PAD
    0x08004750   0x00000030   Code   RO         3865    .text               mf_w.l(cdcmple.o)
    0x08004780   0x00000030   Code   RO         3867    .text               mf_w.l(cdrcmple.o)
    0x080047b0   0x00000038   Code   RO         3869    .text               mf_w.l(d2f.o)
    0x080047e8   0x0000002c   Code   RO         3942    .text               mc_w.l(uidiv.o)
    0x08004814   0x00000062   Code   RO         3944    .text               mc_w.l(uldiv.o)
    0x08004876   0x0000001e   Code   RO         3946    .text               mc_w.l(llshl.o)
    0x08004894   0x00000020   Code   RO         3948    .text               mc_w.l(llushr.o)
    0x080048b4   0x00000024   Code   RO         3950    .text               mc_w.l(llsshr.o)
    0x080048d8   0x0000001c   Code   RO         3959    .text               mc_w.l(_chval.o)
    0x080048f4   0x00000028   Code   RO         3961    .text               mc_w.l(scanf_char.o)
    0x0800491c   0x00000040   Code   RO         3963    .text               mc_w.l(_sgetc.o)
    0x0800495c   0x0000001a   Code   RO         3965    .text               mc_w.l(strtof.o)
    0x08004976   0x00000000   Code   RO         3967    .text               mc_w.l(iusefp.o)
    0x08004976   0x0000006e   Code   RO         3968    .text               mf_w.l(fepilogue.o)
    0x080049e4   0x000000ba   Code   RO         3970    .text               mf_w.l(depilogue.o)
    0x08004a9e   0x00000030   Code   RO         3974    .text               mf_w.l(dfixul.o)
    0x08004ace   0x00000004   Code   RO         3976    .text               mf_w.l(fpstat.o)
    0x08004ad2   0x00000002   PAD
    0x08004ad4   0x00000024   Code   RO         3990    .text               mc_w.l(init.o)
    0x08004af8   0x0000000a   Code   RO         3993    .text               mc_w.l(isspace_c.o)
    0x08004b02   0x00000002   PAD
    0x08004b04   0x0000032c   Code   RO         3995    .text               mc_w.l(_scanf.o)
    0x08004e30   0x0000009c   Code   RO         3997    .text               mc_w.l(strtod.o)
    0x08004ecc   0x00000028   Code   RO         4006    .text               mc_w.l(ctype_c.o)
    0x08004ef4   0x00000360   Code   RO         4009    .text               mc_w.l(scanf_fp.o)
    0x08005254   0x00000018   Code   RO         4013    .text               mf_w.l(dfltul.o)
    0x0800526c   0x00000094   Code   RO          994    i.Battery_GetSocFromVoltage_4S  ina219_sensor.o
    0x08005300   0x0000001a   Code   RO          597    i.Board_Buzzer_Beep  board.o
    0x0800531a   0x00000002   PAD
    0x0800531c   0x00000010   Code   RO          598    i.Board_Buzzer_Write  board.o
    0x0800532c   0x00000090   Code   RO          599    i.Board_GPIO_Init   board.o
    0x080053bc   0x00000012   Code   RO          600    i.Board_Init        board.o
    0x080053ce   0x00000002   PAD
    0x080053d0   0x00000010   Code   RO          601    i.Board_LoadSwitch_Write  board.o
    0x080053e0   0x0000006c   Code   RO          602    i.Board_SystemClock_Config  board.o
    0x0800544c   0x00000002   Code   RO          422    i.BusFault_Handler  stm32g4xx_it.o
    0x0800544e   0x00000010   Code   RO          650    i.Clamp             fusion_tracker.o
    0x0800545e   0x00000002   Code   RO          423    i.DebugMon_Handler  stm32g4xx_it.o
    0x08005460   0x00000004   Code   RO           13    i.Error_Handler     main.o
    0x08005464   0x00000068   Code   RO          651    i.Feedback          fusion_tracker.o
    0x080054cc   0x00000018   Code   RO          658    i.FusionAhrsInitialise  fusion_tracker.o
    0x080054e4   0x00000054   Code   RO          659    i.FusionAhrsRestart  fusion_tracker.o
    0x08005538   0x000000ec   Code   RO          662    i.FusionAhrsSetSettings  fusion_tracker.o
    0x08005624   0x000002f4   Code   RO          663    i.FusionAhrsUpdate  fusion_tracker.o
    0x08005918   0x0000002c   Code   RO          666    i.FusionArcSin      fusion_tracker.o
    0x08005944   0x0000001c   Code   RO          668    i.FusionBiasInitialise  fusion_tracker.o
    0x08005960   0x00000034   Code   RO          670    i.FusionBiasSetSettings  fusion_tracker.o
    0x08005994   0x000000a2   Code   RO          671    i.FusionBiasUpdate  fusion_tracker.o
    0x08005a36   0x00000002   PAD
    0x08005a38   0x00000010   Code   RO          672    i.FusionDegreesToRadians  fusion_tracker.o
    0x08005a48   0x00000034   Code   RO          673    i.FusionFastInverseSqrt  fusion_tracker.o
    0x08005a7c   0x00000060   Code   RO          674    i.FusionQuaternionNormalise  fusion_tracker.o
    0x08005adc   0x00000094   Code   RO          675    i.FusionQuaternionToEuler  fusion_tracker.o
    0x08005b70   0x00000010   Code   RO          676    i.FusionRadiansToDegrees  fusion_tracker.o
    0x08005b80   0x00000088   Code   RO          677    i.FusionTracker_Init  fusion_tracker.o
    0x08005c08   0x00000084   Code   RO          678    i.FusionTracker_Update  fusion_tracker.o
    0x08005c8c   0x0000000e   Code   RO          679    i.FusionVectorAdd   fusion_tracker.o
    0x08005c9a   0x00000022   Code   RO          680    i.FusionVectorCross  fusion_tracker.o
    0x08005cbc   0x0000000e   Code   RO          681    i.FusionVectorHadamard  fusion_tracker.o
    0x08005cca   0x00000026   Code   RO          682    i.FusionVectorIsZero  fusion_tracker.o
    0x08005cf0   0x0000001a   Code   RO          684    i.FusionVectorNormSquared  fusion_tracker.o
    0x08005d0a   0x00000036   Code   RO          685    i.FusionVectorNormalise  fusion_tracker.o
    0x08005d40   0x0000000e   Code   RO          686    i.FusionVectorScale  fusion_tracker.o
    0x08005d4e   0x0000000e   Code   RO          687    i.FusionVectorSubtract  fusion_tracker.o
    0x08005d5c   0x0000000a   Code   RO          688    i.FusionVectorSum   fusion_tracker.o
    0x08005d66   0x00000002   PAD
    0x08005d68   0x00000024   Code   RO         1923    i.HAL_Delay         stm32g4xx_hal.o
    0x08005d8c   0x00000234   Code   RO         2632    i.HAL_GPIO_Init     stm32g4xx_hal_gpio.o
    0x08005fc0   0x0000000a   Code   RO         2634    i.HAL_GPIO_ReadPin  stm32g4xx_hal_gpio.o
    0x08005fca   0x0000000a   Code   RO         2636    i.HAL_GPIO_WritePin  stm32g4xx_hal_gpio.o
    0x08005fd4   0x0000000c   Code   RO         1927    i.HAL_GetTick       stm32g4xx_hal.o
    0x08005fe0   0x00000010   Code   RO         1933    i.HAL_IncTick       stm32g4xx_hal.o
    0x08005ff0   0x0000001e   Code   RO         1934    i.HAL_Init          stm32g4xx_hal.o
    0x0800600e   0x00000002   PAD
    0x08006010   0x00000044   Code   RO         1935    i.HAL_InitTick      stm32g4xx_hal.o
    0x08006054   0x00000030   Code   RO          521    i.HAL_MspInit       stm32g4xx_hal_msp.o
    0x08006084   0x0000001a   Code   RO         3077    i.HAL_NVIC_EnableIRQ  stm32g4xx_hal_cortex.o
    0x0800609e   0x00000002   PAD
    0x080060a0   0x00000040   Code   RO         3083    i.HAL_NVIC_SetPriority  stm32g4xx_hal_cortex.o
    0x080060e0   0x00000024   Code   RO         3084    i.HAL_NVIC_SetPriorityGrouping  stm32g4xx_hal_cortex.o
    0x08006104   0x000000bc   Code   RO         1677    i.HAL_PWREx_ControlVoltageScaling  stm32g4xx_hal_pwr_ex.o
    0x080061c0   0x00000010   Code   RO         1689    i.HAL_PWREx_DisableUCPDDeadBattery  stm32g4xx_hal_pwr_ex.o
    0x080061d0   0x00000034   Code   RO         1705    i.HAL_PWREx_EnterSTOP0Mode  stm32g4xx_hal_pwr_ex.o
    0x08006204   0x00000038   Code   RO         1706    i.HAL_PWREx_EnterSTOP1Mode  stm32g4xx_hal_pwr_ex.o
    0x0800623c   0x00000010   Code   RO         2970    i.HAL_PWR_EnterSTOPMode  stm32g4xx_hal_pwr.o
    0x0800624c   0x00000288   Code   RO         2294    i.HAL_RCCEx_PeriphCLKConfig  stm32g4xx_hal_rcc_ex.o
    0x080064d4   0x000001dc   Code   RO         2169    i.HAL_RCC_ClockConfig  stm32g4xx_hal_rcc.o
    0x080066b0   0x00000024   Code   RO         2177    i.HAL_RCC_GetPCLK1Freq  stm32g4xx_hal_rcc.o
    0x080066d4   0x00000024   Code   RO         2178    i.HAL_RCC_GetPCLK2Freq  stm32g4xx_hal_rcc.o
    0x080066f8   0x00000070   Code   RO         2179    i.HAL_RCC_GetSysClockFreq  stm32g4xx_hal_rcc.o
    0x08006768   0x00000404   Code   RO         2182    i.HAL_RCC_OscConfig  stm32g4xx_hal_rcc.o
    0x08006b6c   0x00000002   Code   RO         3389    i.HAL_RTCEx_AlarmBEventCallback  stm32g4xx_hal_rtc_ex.o
    0x08006b6e   0x00000002   PAD
    0x08006b70   0x0000000c   Code   RO         3390    i.HAL_RTCEx_BKUPRead  stm32g4xx_hal_rtc_ex.o
    0x08006b7c   0x0000000c   Code   RO         3391    i.HAL_RTCEx_BKUPWrite  stm32g4xx_hal_rtc_ex.o
    0x08006b88   0x00000002   Code   RO         3431    i.HAL_RTCEx_WakeUpTimerEventCallback  stm32g4xx_hal_rtc_ex.o
    0x08006b8a   0x00000002   PAD
    0x08006b8c   0x00000028   Code   RO         3432    i.HAL_RTCEx_WakeUpTimerIRQHandler  stm32g4xx_hal_rtc_ex.o
    0x08006bb4   0x0000000c   Code   RO         1615    i.HAL_RTC_AlarmAEventCallback  my_rtc.o
    0x08006bc0   0x00000044   Code   RO         3218    i.HAL_RTC_AlarmIRQHandler  stm32g4xx_hal_rtc.o
    0x08006c04   0x00000044   Code   RO         3227    i.HAL_RTC_GetDate   stm32g4xx_hal_rtc.o
    0x08006c48   0x00000054   Code   RO         3229    i.HAL_RTC_GetTime   stm32g4xx_hal_rtc.o
    0x08006c9c   0x0000009c   Code   RO         3230    i.HAL_RTC_Init      stm32g4xx_hal_rtc.o
    0x08006d38   0x00000002   Code   RO         3232    i.HAL_RTC_MspInit   stm32g4xx_hal_rtc.o
    0x08006d3a   0x00000002   PAD
    0x08006d3c   0x0000017c   Code   RO         3235    i.HAL_RTC_SetAlarm_IT  stm32g4xx_hal_rtc.o
    0x08006eb8   0x000000a0   Code   RO         3236    i.HAL_RTC_SetDate   stm32g4xx_hal_rtc.o
    0x08006f58   0x000000cc   Code   RO         3237    i.HAL_RTC_SetTime   stm32g4xx_hal_rtc.o
    0x08007024   0x00000038   Code   RO         3238    i.HAL_RTC_WaitForSynchro  stm32g4xx_hal_rtc.o
    0x0800705c   0x0000000e   Code   RO         1938    i.HAL_ResumeTick    stm32g4xx_hal.o
    0x0800706a   0x00000028   Code   RO         3088    i.HAL_SYSTICK_Config  stm32g4xx_hal_cortex.o
    0x08007092   0x0000000e   Code   RO         1953    i.HAL_SuspendTick   stm32g4xx_hal.o
    0x080070a0   0x0000007c   Code   RO          689    i.HalfGravity       fusion_tracker.o
    0x0800711c   0x000000a6   Code   RO          690    i.HalfMagnetic      fusion_tracker.o
    0x080071c2   0x00000002   PAD
    0x080071c4   0x00000024   Code   RO          424    i.HardFault_Handler  stm32g4xx_it.o
    0x080071e8   0x0000001a   Code   RO          922    i.ICM42688_CS_Write  icm42688_imu.o
    0x08007202   0x00000002   PAD
    0x08007204   0x00000068   Code   RO          923    i.ICM42688_GPIO_Init  icm42688_imu.o
    0x0800726c   0x00000094   Code   RO          924    i.ICM42688_IMU_CalibrateGyroBias  icm42688_imu.o
    0x08007300   0x000000d8   Code   RO          925    i.ICM42688_IMU_Init  icm42688_imu.o
    0x080073d8   0x00000080   Code   RO          926    i.ICM42688_IMU_ReadAccelMg  icm42688_imu.o
    0x08007458   0x00000074   Code   RO          927    i.ICM42688_IMU_ReadGyroDps  icm42688_imu.o
    0x080074cc   0x00000054   Code   RO          928    i.ICM42688_ReadRegisters  icm42688_imu.o
    0x08007520   0x00000038   Code   RO          929    i.ICM42688_SPI_Transfer  icm42688_imu.o
    0x08007558   0x00000040   Code   RO          930    i.ICM42688_SPI_WaitFlag  icm42688_imu.o
    0x08007598   0x0000003a   Code   RO          931    i.ICM42688_WriteRegister  icm42688_imu.o
    0x080075d2   0x00000002   PAD
    0x080075d4   0x0000000c   Code   RO          995    i.INA219_BatteryGetSocPercent  ina219_sensor.o
    0x080075e0   0x00000020   Code   RO          996    i.INA219_BatteryReset  ina219_sensor.o
    0x08007600   0x00000050   Code   RO          997    i.INA219_BatterySeedSocFromVoltage4S  ina219_sensor.o
    0x08007650   0x0000014c   Code   RO          998    i.INA219_BatteryUpdateSoc4S  ina219_sensor.o
    0x0800779c   0x00000012   Code   RO          999    i.INA219_Delay      ina219_sensor.o
    0x080077ae   0x00000052   Code   RO         1000    i.INA219_I2C_ReadByte  ina219_sensor.o
    0x08007800   0x0000001e   Code   RO         1001    i.INA219_I2C_Start  ina219_sensor.o
    0x0800781e   0x00000018   Code   RO         1002    i.INA219_I2C_Stop   ina219_sensor.o
    0x08007836   0x00000046   Code   RO         1003    i.INA219_I2C_WriteByte  ina219_sensor.o
    0x0800787c   0x00000068   Code   RO         1004    i.INA219_ReadRegister  ina219_sensor.o
    0x080078e4   0x00000020   Code   RO         1005    i.INA219_SCL_Write  ina219_sensor.o
    0x08007904   0x00000018   Code   RO         1006    i.INA219_SDA_Read   ina219_sensor.o
    0x0800791c   0x00000020   Code   RO         1007    i.INA219_SDA_Write  ina219_sensor.o
    0x0800793c   0x00000070   Code   RO         1008    i.INA219_Sensor_Init  ina219_sensor.o
    0x080079ac   0x00000034   Code   RO         1009    i.INA219_Sensor_ReadBusVoltage_V  ina219_sensor.o
    0x080079e0   0x00000040   Code   RO         1010    i.INA219_Sensor_ReadCurrent_A  ina219_sensor.o
    0x08007a20   0x0000004c   Code   RO         1011    i.INA219_WriteRegister  ina219_sensor.o
    0x08007a6c   0x00000090   Code   RO           14    i.JumpToBootloader  main.o
    0x08007afc   0x00000002   Code   RO          425    i.MemManage_Handler  stm32g4xx_it.o
    0x08007afe   0x00000002   PAD
    0x08007b00   0x000002e8   Code   RO           15    i.Motion_ApplyCommand  main.o
    0x08007de8   0x00000098   Code   RO           16    i.Motion_ApplyServoImuPidTest  main.o
    0x08007e80   0x00000020   Code   RO           17    i.Motion_ClampFloat  main.o
    0x08007ea0   0x00000018   Code   RO           18    i.Motion_ClearBrakeState  main.o
    0x08007eb8   0x00000020   Code   RO           19    i.Motion_ClearTurn90Target  main.o
    0x08007ed8   0x00000094   Code   RO           20    i.Motion_Command_Reset  main.o
    0x08007f6c   0x00000090   Code   RO           21    i.Motion_ComputeSignedDutyPercent  main.o
    0x08007ffc   0x0000002c   Code   RO           22    i.Motion_GetCorrectedYawRad  main.o
    0x08008028   0x00000554   Code   RO           23    i.Motion_ProcessLine  main.o
    0x0800857c   0x00000024   Code   RO           24    i.Motion_ResetServoImuPidTest  main.o
    0x080085a0   0x000002c0   Code   RO           25    i.Motion_SendTelemetry  main.o
    0x08008860   0x00000068   Code   RO           26    i.Motion_StartTurn90  main.o
    0x080088c8   0x000000c8   Code   RO           27    i.Motion_UpdateOdometry  main.o
    0x08008990   0x00000034   Code   RO           28    i.Motion_WrapAngleRad  main.o
    0x080089c4   0x000000e0   Code   RO         1112    i.Motor1_DMA_Timer_Init  motor.o
    0x08008aa4   0x000000b0   Code   RO         1113    i.Motor2_Encoder_Init  motor.o
    0x08008b54   0x00000038   Code   RO         1114    i.Motor_BrakeAll    motor.o
    0x08008b8c   0x000000b4   Code   RO         1115    i.Motor_Encoder_Init  motor.o
    0x08008c40   0x0000001c   Code   RO         1116    i.Motor_GetLeftDeltaCount  motor.o
    0x08008c5c   0x00000018   Code   RO         1117    i.Motor_GetRightDeltaCount  motor.o
    0x08008c74   0x00000098   Code   RO         1118    i.Motor_Init        motor.o
    0x08008d0c   0x0000009c   Code   RO         1119    i.Motor_PWM_Init    motor.o
    0x08008da8   0x0000002c   Code   RO         1120    i.Motor_ReleaseAll  motor.o
    0x08008dd4   0x0000008c   Code   RO         1121    i.Motor_SetLeftDutyPercent  motor.o
    0x08008e60   0x00000080   Code   RO         1122    i.Motor_SetRightDutyPercent  motor.o
    0x08008ee0   0x0000002c   Code   RO         1123    i.Motor_TIM2_IRQHandler  motor.o
    0x08008f0c   0x00000010   Code   RO         1124    i.Motor_TakeControl1msFlag  motor.o
    0x08008f1c   0x0000004c   Code   RO         1616    i.MyRTC_GetTime     my_rtc.o
    0x08008f68   0x000000cc   Code   RO         1617    i.MyRTC_Init        my_rtc.o
    0x08009034   0x0000005c   Code   RO         1618    i.MyRTC_SetAlarmA   my_rtc.o
    0x08009090   0x00000038   Code   RO         1619    i.MyRTC_SetTime     my_rtc.o
    0x080090c8   0x00000080   Code   RO          370    i.MySPI_Init        my_spi.o
    0x08009148   0x00000006   Code   RO          371    i.MySPI_Start       my_spi.o
    0x0800914e   0x00000006   Code   RO          372    i.MySPI_Stop        my_spi.o
    0x08009154   0x00000060   Code   RO          373    i.MySPI_SwapByte    my_spi.o
    0x080091b4   0x00000018   Code   RO          374    i.MySPI_W_SCK       my_spi.o
    0x080091cc   0x00000014   Code   RO          375    i.MySPI_W_SS        my_spi.o
    0x080091e0   0x00000002   Code   RO          426    i.NMI_Handler       stm32g4xx_it.o
    0x080091e2   0x00000002   Code   RO          427    i.PendSV_Handler    stm32g4xx_it.o
    0x080091e4   0x0000000c   Code   RO          428    i.RTC_Alarm_IRQHandler  stm32g4xx_it.o
    0x080091f0   0x00000012   Code   RO         3239    i.RTC_Bcd2ToByte    stm32g4xx_hal_rtc.o
    0x08009202   0x00000018   Code   RO         3240    i.RTC_ByteToBcd2    stm32g4xx_hal_rtc.o
    0x0800921a   0x00000002   PAD
    0x0800921c   0x0000004a   Code   RO         3241    i.RTC_EnterInitMode  stm32g4xx_hal_rtc.o
    0x08009266   0x00000050   Code   RO         3242    i.RTC_ExitInitMode  stm32g4xx_hal_rtc.o
    0x080092b6   0x00000002   PAD
    0x080092b8   0x0000000c   Code   RO         1620    i.RTC_WKUP_IRQHandler  my_rtc.o
    0x080092c4   0x00000002   Code   RO          429    i.SVC_Handler       stm32g4xx_it.o
    0x080092c6   0x00000002   PAD
    0x080092c8   0x00000058   Code   RO         1467    i.Servo_Init        servo.o
    0x08009320   0x00000098   Code   RO         1468    i.Servo_PWM_Init    servo.o
    0x080093b8   0x0000003c   Code   RO         1469    i.Servo_SetAngleDeg  servo.o
    0x080093f4   0x00000058   Code   RO         1471    i.Servo_Update      servo.o
    0x0800944c   0x00000058   Code   RO         1472    i.Servo_WriteHW     servo.o
    0x080094a4   0x00000004   Code   RO          430    i.SysTick_Handler   stm32g4xx_it.o
    0x080094a8   0x0000001c   Code   RO         3672    i.SystemInit        system_stm32g4xx.o
    0x080094c4   0x00000004   Code   RO          431    i.TIM2_IRQHandler   stm32g4xx_it.o
    0x080094c8   0x00000034   Code   RO         1526    i.UART2_OLED_ClearText  uart2_oled.o
    0x080094fc   0x00000054   Code   RO         1528    i.UART2_OLED_Init   uart2_oled.o
    0x08009550   0x00000048   Code   RO         1529    i.UART2_OLED_NewLine  uart2_oled.o
    0x08009598   0x0000001e   Code   RO         1530    i.UART2_OLED_Printf  uart2_oled.o
    0x080095b6   0x00000002   PAD
    0x080095b8   0x0000002c   Code   RO         1531    i.UART2_OLED_ProcessRx  uart2_oled.o
    0x080095e4   0x0000009c   Code   RO         1532    i.UART2_OLED_PushChar  uart2_oled.o
    0x08009680   0x0000003c   Code   RO         1533    i.UART2_OLED_ReadLine  uart2_oled.o
    0x080096bc   0x00000150   Code   RO         1534    i.UART2_OLED_RenderDashboard  uart2_oled.o
    0x0800980c   0x00000024   Code   RO         1535    i.UART2_OLED_SendString  uart2_oled.o
    0x08009830   0x00000004   Code   RO          432    i.USART3_IRQHandler  stm32g4xx_it.o
    0x08009834   0x00000054   Code   RO         1536    i.USART3_IRQHandler_Callback  uart2_oled.o
    0x08009888   0x00000090   Code   RO         1537    i.USART3_Init       uart2_oled.o
    0x08009918   0x00000002   Code   RO          433    i.UsageFault_Handler  stm32g4xx_it.o
    0x0800991a   0x00000004   Code   RO          302    i.W25Q64_Init       w25q64.o
    0x0800991e   0x0000004a   Code   RO          303    i.W25Q64_PageProgram  w25q64.o
    0x08009968   0x00000042   Code   RO          304    i.W25Q64_ReadData   w25q64.o
    0x080099aa   0x0000003c   Code   RO          305    i.W25Q64_ReadID     w25q64.o
    0x080099e6   0x00000034   Code   RO          306    i.W25Q64_SectorErase  w25q64.o
    0x08009a1a   0x00000002   PAD
    0x08009a1c   0x0000002c   Code   RO          307    i.W25Q64_WaitBusy   w25q64.o
    0x08009a48   0x00000014   Code   RO          308    i.W25Q64_WriteEnable  w25q64.o
    0x08009a5c   0x0000002c   Code   RO         3821    i.__0vsnprintf      mc_w.l(printfa.o)
    0x08009a88   0x00000026   Code   RO         3905    i.__ARM_fpclassifyf  m_wm.l(fpclassifyf.o)
    0x08009aae   0x00000020   Code   RO         3090    i.__NVIC_SetPriority  stm32g4xx_hal_cortex.o
    0x08009ace   0x00000002   PAD
    0x08009ad0   0x000000f8   Code   RO         3980    i.__hardfp___mathlib_tofloat  m_wm.l(narrow.o)
    0x08009bc8   0x0000012c   Code   RO         3706    i.__hardfp_asinf    m_wm.l(asinf.o)
    0x08009cf4   0x00000250   Code   RO         3730    i.__hardfp_atan2f   m_wm.l(atan2f.o)
    0x08009f44   0x00000150   Code   RO         3742    i.__hardfp_cosf     m_wm.l(cosf.o)
    0x0800a094   0x00000664   Code   RO         3754    i.__hardfp_powf     m_wm.l(powf.o)
    0x0800a6f8   0x00000190   Code   RO         3772    i.__hardfp_sinf     m_wm.l(sinf.o)
    0x0800a888   0x00000020   Code   RO         3796    i.__hardfp_strtof   m_wm.l(strtof.o)
    0x0800a8a8   0x00000014   Code   RO         3907    i.__mathlib_flt_divzero  m_wm.l(funder.o)
    0x0800a8bc   0x00000006   Code   RO         3908    i.__mathlib_flt_infnan  m_wm.l(funder.o)
    0x0800a8c2   0x00000006   Code   RO         3909    i.__mathlib_flt_infnan2  m_wm.l(funder.o)
    0x0800a8c8   0x00000010   Code   RO         3910    i.__mathlib_flt_invalid  m_wm.l(funder.o)
    0x0800a8d8   0x00000010   Code   RO         3911    i.__mathlib_flt_overflow  m_wm.l(funder.o)
    0x0800a8e8   0x00000010   Code   RO         3913    i.__mathlib_flt_underflow  m_wm.l(funder.o)
    0x0800a8f8   0x00000012   Code   RO         3981    i.__mathlib_narrow  m_wm.l(narrow.o)
    0x0800a90a   0x00000002   PAD
    0x0800a90c   0x00000154   Code   RO         3922    i.__mathlib_rredf2  m_wm.l(rredf.o)
    0x0800aa60   0x0000000e   Code   RO         4017    i.__scatterload_copy  mc_w.l(handlers.o)
    0x0800aa6e   0x00000002   Code   RO         4018    i.__scatterload_null  mc_w.l(handlers.o)
    0x0800aa70   0x0000000e   Code   RO         4019    i.__scatterload_zeroinit  mc_w.l(handlers.o)
    0x0800aa7e   0x00000002   PAD
    0x0800aa80   0x0000000c   Code   RO         3954    i.__set_errno       mc_w.l(errno.o)
    0x0800aa8c   0x00000184   Code   RO         3823    i._fp_digits        mc_w.l(printfa.o)
    0x0800ac10   0x0000000e   Code   RO         4011    i._is_digit         mc_w.l(scanf_fp.o)
    0x0800ac1e   0x00000002   PAD
    0x0800ac20   0x000006dc   Code   RO         3824    i._printf_core      mc_w.l(printfa.o)
    0x0800b2fc   0x00000024   Code   RO         3825    i._printf_post_padding  mc_w.l(printfa.o)
    0x0800b320   0x0000002e   Code   RO         3826    i._printf_pre_padding  mc_w.l(printfa.o)
    0x0800b34e   0x00000016   Code   RO         3827    i._snputc           mc_w.l(printfa.o)
    0x0800b364   0x00000004   PAD
    0x0800b368   0x0000008c   Code   RO         4002    i.frexp             m_wm.l(frexp.o)
    0x0800b3f4   0x00000648   Code   RO           29    i.main              main.o
    0x0800ba3c   0x0000003e   Code   RO         3786    i.sqrtf             m_wm.l(sqrtf.o)
    0x0800ba7a   0x00000002   PAD
    0x0800ba7c   0x00000034   Data   RO          691    .constdata          fusion_tracker.o
    0x0800bab0   0x0000003c   Data   RO         1012    .constdata          ina219_sensor.o
    0x0800baec   0x00000010   Data   RO         3673    .constdata          system_stm32g4xx.o
    0x0800bafc   0x00000008   Data   RO         3674    .constdata          system_stm32g4xx.o
    0x0800bb04   0x00000140   Data   RO         3757    .constdata          m_wm.l(powf.o)
    0x0800bc44   0x00000020   Data   RO         3923    .constdata          m_wm.l(rredf.o)
    0x0800bc64   0x00000040   Data   RO         4007    .constdata          mc_w.l(ctype_c.o)
    0x0800bca4   0x0000005a   Data   RO           31    .conststring        main.o
    0x0800bcfe   0x00000002   PAD
    0x0800bd00   0x00000020   Data   RO         4015    Region$$Table       anon$$obj.o


    Execution Region RW_IRAM1 (Base: 0x20000000, Size: 0x000007b8, Max: 0x00008000, ABSOLUTE)

    Base Addr    Size         Type   Attr      Idx    E Section Name        Object

    0x20000000   0x0000009c   Data   RW           32    .data               main.o
    0x2000009c   0x00000010   Data   RW         1013    .data               ina219_sensor.o
    0x200000ac   0x00000010   Data   RW         1125    .data               motor.o
    0x200000bc   0x00000008   Data   RW         1473    .data               servo.o
    0x200000c4   0x0000000c   Data   RW         1539    .data               uart2_oled.o
    0x200000d0   0x00000001   Data   RW         1622    .data               my_rtc.o
    0x200000d1   0x00000003   PAD
    0x200000d4   0x0000000c   Data   RW         1954    .data               stm32g4xx_hal.o
    0x200000e0   0x00000004   Data   RW         3675    .data               system_stm32g4xx.o
    0x200000e4   0x00000004   Data   RW         3955    .data               mc_w.l(errno.o)
    0x200000e8   0x000000c0   Zero   RW           30    .bss                main.o
    0x200001a8   0x000001e4   Zero   RW         1538    .bss                uart2_oled.o
    0x2000038c   0x00000028   Zero   RW         1621    .bss                my_rtc.o
    0x200003b4   0x00000004   PAD
    0x200003b8   0x00000400   Zero   RW            1    STACK               startup_stm32g431xx.o


==============================================================================

Image component sizes


      Code (inc. data)   RO Data    RW Data    ZI Data      Debug   Object Name

       328         20          0          0          0       3714   board.o
      2610         76         52          0          0      26613   fusion_tracker.o
      1000         44          0          0          0       8999   icm42688_imu.o
      1324        160         60         16          0      12873   ina219_sensor.o
      5536        806         90        156        192     677447   main.o
      1368        148          0         16          0       9696   motor.o
       452         36          0          1         40       4278   my_rtc.o
       280         32          0          0          0       3493   my_spi.o
         0          0          0          0          0        564   oled.o
       476         80          0          8          0       3904   servo.o
        36          8        472          0       1024        824   startup_stm32g431xx.o
       190         24          0         12          0       5284   stm32g4xx_hal.o
       198         14          0          0          0      33775   stm32g4xx_hal_cortex.o
       584         32          0          0          0       2935   stm32g4xx_hal_gpio.o
        48          6          0          0          0        862   stm32g4xx_hal_msp.o
        16          0          0          0          0        628   stm32g4xx_hal_pwr.o
       312         36          0          0          0       2607   stm32g4xx_hal_pwr_ex.o
      1688         92          0          0          0       6236   stm32g4xx_hal_rcc.o
       648         10          0          0          0       1880   stm32g4xx_hal_rcc_ex.o
      1374         44          0          0          0      10619   stm32g4xx_hal_rtc.o
        68         12          0          0          0       3438   stm32g4xx_hal_rtc_ex.o
        74         16          0          0          0      35566   stm32g4xx_it.o
        28          8         24          4          0       1195   system_stm32g4xx.o
      1098        244          0         12        484       8834   uart2_oled.o
       320          6          0          0          0       4319   w25q64.o

    ----------------------------------------------------------------------
     20094       1954        732        228       1744     870583   Object Totals
         0          0         32          0          0          0   (incl. Generated)
        38          0          2          3          4          0   (incl. Padding)

    ----------------------------------------------------------------------

      Code (inc. data)   RO Data    RW Data    ZI Data      Debug   Library Member Name

       300         42          0          0          0        176   asinf.o
       592         90          0          0          0        184   atan2f.o
       336         56          0          0          0        136   cosf.o
        38          0          0          0          0        116   fpclassifyf.o
       140         22          0          0          0        132   frexp.o
        80         24          0          0          0        696   funder.o
       266         16          0          0          0        308   narrow.o
      1636        110        320          0          0        372   powf.o
       340         24         32          0          0        160   rredf.o
       400         56          0          0          0        212   sinf.o
        62          0          0          0          0        136   sqrtf.o
        32          6          0          0          0        124   strtof.o
        56          8          0          0          0         84   __0sscanf.o
        28          0          0          0          0         68   _chval.o
       812          4          0          0          0        112   _scanf.o
       332          0          0          0          0         96   _scanf_int.o
        64          0          0          0          0         84   _sgetc.o
        40          6         64          0          0         68   ctype_c.o
         0          0          0          0          0          0   entry.o
         0          0          0          0          0          0   entry10a.o
         0          0          0          0          0          0   entry11a.o
         8          4          0          0          0          0   entry2.o
         4          0          0          0          0          0   entry5.o
         0          0          0          0          0          0   entry7b.o
         0          0          0          0          0          0   entry8b.o
         8          4          0          0          0          0   entry9a.o
        12          6          0          4          0         68   errno.o
        30          0          0          0          0          0   handlers.o
        36          8          0          0          0         68   init.o
        10          0          0          0          0         68   isspace_c.o
         0          0          0          0          0          0   iusefp.o
        30          0          0          0          0         68   llshl.o
        36          0          0          0          0         68   llsshr.o
        32          0          0          0          0         68   llushr.o
        36          0          0          0          0         68   memcpya.o
        36          0          0          0          0        108   memseta.o
      2292         84          0          0          0        516   printfa.o
        40          8          0          0          0         84   scanf_char.o
       878         12          0          0          0        216   scanf_fp.o
        28          0          0          0          0         76   strcmp.o
        30          0          0          0          0         80   strncmp.o
       156         12          0          0          0        120   strtod.o
        26          0          0          0          0         80   strtof.o
        44          0          0          0          0         80   uidiv.o
        98          0          0          0          0         92   uldiv.o
        48          0          0          0          0         68   cdcmple.o
        48          0          0          0          0         68   cdrcmple.o
        56          0          0          0          0         88   d2f.o
       334          0          0          0          0        148   dadd.o
       222          0          0          0          0        100   ddiv.o
       186          0          0          0          0        176   depilogue.o
        48          0          0          0          0         68   dfixul.o
        24          0          0          0          0         76   dfltul.o
       228          0          0          0          0         96   dmul.o
        38          0          0          0          0         68   f2d.o
       110          0          0          0          0        168   fepilogue.o
         4          0          0          0          0         68   fpstat.o

    ----------------------------------------------------------------------
     10790        602        416          4          0       6384   Library Totals
        20          0          0          0          0          0   (incl. Padding)

    ----------------------------------------------------------------------

      Code (inc. data)   RO Data    RW Data    ZI Data      Debug   Library Name

      4222        446        352          0          0       2752   m_wm.l
      5202        156         64          4          0       2440   mc_w.l
      1346          0          0          0          0       1192   mf_w.l

    ----------------------------------------------------------------------
     10790        602        416          4          0       6384   Library Totals

    ----------------------------------------------------------------------

==============================================================================


      Code (inc. data)   RO Data    RW Data    ZI Data      Debug   

     30884       2556       1148        232       1744     855995   Grand Totals
     30884       2556       1148        232       1744     855995   ELF Image Totals
     30884       2556       1148        232          0          0   ROM Totals

==============================================================================

    Total RO  Size (Code + RO Data)                32032 (  31.28kB)
    Total RW  Size (RW Data + ZI Data)              1976 (   1.93kB)
    Total ROM Size (Code + RO Data + RW Data)      32264 (  31.51kB)

==============================================================================

